Component: ARM Compiler 5.06 update 6 (build 750) Tool: armlink [4d35ed]

==============================================================================

Section Cross References

    startup_lpc17xx.o(STACK) refers (Special) to heapauxi.o(.text) for __use_two_region_memory
    startup_lpc17xx.o(HEAP) refers (Special) to heapauxi.o(.text) for __use_two_region_memory
    startup_lpc17xx.o(RESET) refers (Special) to heapauxi.o(.text) for __use_two_region_memory
    startup_lpc17xx.o(RESET) refers to startup_lpc17xx.o(STACK) for __initial_sp
    startup_lpc17xx.o(RESET) refers to startup_lpc17xx.o(.text) for Reset_Handler
    startup_lpc17xx.o(RESET) refers to irq_timer.o(.text) for TIMER0_IRQHandler
    startup_lpc17xx.o(RESET) refers to irq_button.o(.text) for EINT0_IRQHandler
    startup_lpc17xx.o(RESET) refers to irq_adc.o(.text) for ADC_IRQHandler
    startup_lpc17xx.o(RESET) refers to irq_rit.o(.text) for RIT_IRQHandler
    startup_lpc17xx.o(.ARM.__at_0x02FC) refers (Special) to heapauxi.o(.text) for __use_two_region_memory
    startup_lpc17xx.o(.text) refers (Special) to heapauxi.o(.text) for __use_two_region_memory
    startup_lpc17xx.o(.text) refers to __main.o(!!!main) for __main
    startup_lpc17xx.o(.text) refers to startup_lpc17xx.o(HEAP) for Heap_Mem
    startup_lpc17xx.o(.text) refers to startup_lpc17xx.o(STACK) for Stack_Mem
    sample.o(.text) refers to system_lpc17xx.o(.text) for SystemInit
    sample.o(.text) refers to lib_led.o(.text) for LED_init
    sample.o(.text) refers to lib_button.o(.text) for BUTTON_init
    sample.o(.text) refers to lib_joystick.o(.text) for joystick_init
    sample.o(.text) refers to lib_timer.o(.text) for alimenta_timer
    sample.o(.text) refers to lib_dac.o(.text) for DAC_init
    sample.o(.text) refers to lib_adc.o(.text) for ADC_init
    sample.o(.text) refers to glcd.o(.text) for LCD_Initialization
    sample.o(.text) refers to touchpanel.o(.text) for TP_Init
    sample.o(.text) refers to funct_led.o(.text) for LED_Out
    sample.o(.text) refers to lib_rit.o(.text) for init_RIT
    sample.o(.text) refers to irq_rit.o(.bss) for struttura_nota
    sample.o(.text) refers to irq_rit.o(.data) for tono1
    system_lpc17xx.o(.text) refers to system_lpc17xx.o(.data) for SystemFrequency
    funct_led.o(.text) refers to funct_led.o(.constdata) for led_mask
    funct_led.o(.text) refers to lib_led.o(.data) for led_value
    lib_led.o(.text) refers to lib_led.o(.data) for led_value
    irq_button.o(.text) refers to irq_rit.o(.data) for down0
    irq_timer.o(.text) refers to irq_rit.o(.text) for Spostamento
    irq_timer.o(.text) refers to lib_timer.o(.text) for reset_timer
    irq_timer.o(.text) refers to funct_led.o(.text) for LED_Off
    irq_timer.o(.text) refers to lib_dac.o(.text) for DAC_convert
    irq_timer.o(.text) refers to touchpanel.o(.text) for Read_Ads7846
    irq_timer.o(.text) refers to lib_adc.o(.text) for ADC_start_conversion
    irq_timer.o(.text) refers to lib_rit.o(.text) for init_RIT
    irq_timer.o(.text) refers to irq_rit.o(.data) for verso
    irq_timer.o(.text) refers to irq_timer.o(.data) for lampeggi
    irq_timer.o(.text) refers to touchpanel.o(.bss) for matrix
    irq_timer.o(.text) refers to touchpanel.o(.data) for display
    irq_rit.o(.text) refers to lib_timer.o(.text) for reset_timer
    irq_rit.o(.text) refers to funct_led.o(.text) for LED_Off
    irq_rit.o(.text) refers to funct_joystick.o(.text) for select_e_attivo
    irq_rit.o(.text) refers to irq_rit.o(.data) for speaker
    irq_rit.o(.text) refers to irq_timer.o(.data) for lampeggi
    irq_rit.o(.text) refers to touchpanel.o(.text) for Read_Ads7846
    irq_rit.o(.text) refers to lib_rit.o(.text) for disable_RIT
    irq_rit.o(.text) refers to touchpanel.o(.bss) for matrix
    irq_rit.o(.text) refers to touchpanel.o(.data) for display
    irq_adc.o(.text) refers to touchpanel.o(.text) for Aggiorna_GUI_selezioneTono
    irq_adc.o(.text) refers to irq_adc.o(.data) for AD_current
    irq_adc.o(.text) refers to irq_rit.o(.bss) for struttura_nota
    irq_adc.o(.text) refers to irq_timer.o(.data) for tonoscelto
    asciilib.o(.text) refers to rt_memcpy_v6.o(.text) for __aeabi_memcpy
    asciilib.o(.text) refers to asciilib.o(.constdata) for AsciiLib
    glcd.o(.text) refers to glcd.o(.data) for LCD_Code
    glcd.o(.text) refers to asciilib.o(.text) for GetASCIICode
    touchpanel.o(.text) refers to _printf_percent.o(.ARM.Collect$$_printf_percent$$00000000) for _printf_percent
    touchpanel.o(.text) refers to _printf_d.o(.ARM.Collect$$_printf_percent$$00000009) for _printf_d
    touchpanel.o(.text) refers to _printf_c.o(.ARM.Collect$$_printf_percent$$00000013) for _printf_c
    touchpanel.o(.text) refers to _printf_dec.o(.text) for _printf_int_dec
    touchpanel.o(.text) refers to _printf_str.o(.text) for _printf_str
    touchpanel.o(.text) refers to glcd.o(.text) for LCD_SetPoint
    touchpanel.o(.text) refers to rt_memclr_w.o(.text) for __aeabi_memclr4
[...]
    __printf_flags_ss.o(.text) refers to _printf_percent.o(.ARM.Collect$$_printf_percent$$00000000) for _printf_percent
    __printf_flags_ss.o(.text) refers to __printf_flags_ss.o(.constdata) for .constdata
    __printf_wp.o(.text) refers to __printf_wp.o(i._is_digit) for _is_digit
    __printf_wp.o(.text) refers to _printf_percent.o(.ARM.Collect$$_printf_percent$$00000000) for _printf_percent
    __printf_flags_wp.o(.text) refers to __printf_wp.o(i._is_digit) for _is_digit
    __printf_flags_wp.o(.text) refers to _printf_percent.o(.ARM.Collect$$_printf_percent$$00000000) for _printf_percent
    __printf_flags_wp.o(.text) refers to __printf_flags_wp.o(.constdata) for .constdata
    __printf_ss_wp.o(.text) refers to __printf_wp.o(i._is_digit) for _is_digit
    __printf_ss_wp.o(.text) refers to _printf_percent.o(.ARM.Collect$$_printf_percent$$00000000) for _printf_percent
    __printf_flags_ss_wp.o(.text) refers to __printf_wp.o(i._is_digit) for _is_digit
    __printf_flags_ss_wp.o(.text) refers to _printf_percent.o(.ARM.Collect$$_printf_percent$$00000000) for _printf_percent
    __printf_flags_ss_wp.o(.text) refers to __printf_flags_ss_wp.o(.constdata) for .constdata
    _printf_c.o(.ARM.Collect$$_printf_percent$$00000013) refers (Weak) to _printf_char.o(.text) for _printf_char
    _printf_d.o(.ARM.Collect$$_printf_percent$$00000009) refers (Weak) to _printf_dec.o(.text) for _printf_int_dec
    _printf_percent.o(.ARM.Collect$$_printf_percent$$00000000) refers (Special) to _printf_percent_end.o(.ARM.Collect$$_printf_percent$$00000017) for _printf_percent_end
    rt_memcpy_v6.o(.text) refers to rt_memcpy_w.o(.text) for __aeabi_memcpy4
    __main.o(!!!main) refers to __rtentry.o(.ARM.Collect$$rtentry$$00000000) for __rt_entry
    daddsub_clz.o(x$fpl$dadd) refers (Special) to usenofp.o(x$fpl$usenofp) for __I$use$fp
    daddsub_clz.o(x$fpl$dadd) refers to daddsub_clz.o(x$fpl$dsub) for _dsub1
    daddsub_clz.o(x$fpl$dadd) refers to dretinf.o(x$fpl$dretinf) for __fpl_dretinf
    daddsub_clz.o(x$fpl$dadd) refers to dnaninf.o(x$fpl$dnaninf) for __fpl_dnaninf
    daddsub_clz.o(x$fpl$drsb) refers (Special) to usenofp.o(x$fpl$usenofp) for __I$use$fp
    daddsub_clz.o(x$fpl$drsb) refers to daddsub_clz.o(x$fpl$dadd) for _dadd1
    daddsub_clz.o(x$fpl$drsb) refers to daddsub_clz.o(x$fpl$dsub) for _dsub1
    daddsub_clz.o(x$fpl$dsub) refers (Special) to usenofp.o(x$fpl$usenofp) for __I$use$fp
    daddsub_clz.o(x$fpl$dsub) refers to daddsub_clz.o(x$fpl$dadd) for _dadd1
    daddsub_clz.o(x$fpl$dsub) refers to dnaninf.o(x$fpl$dnaninf) for __fpl_dnaninf
    ddiv.o(x$fpl$drdiv) refers (Special) to usenofp.o(x$fpl$usenofp) for __I$use$fp
    ddiv.o(x$fpl$drdiv) refers to ddiv.o(x$fpl$ddiv) for ddiv_entry
    ddiv.o(x$fpl$ddiv) refers (Special) to usenofp.o(x$fpl$usenofp) for __I$use$fp
    ddiv.o(x$fpl$ddiv) refers to dretinf.o(x$fpl$dretinf) for __fpl_dretinf
    ddiv.o(x$fpl$ddiv) refers to dnaninf.o(x$fpl$dnaninf) for __fpl_dnaninf
    deqf.o(x$fpl$deqf) refers (Special) to usenofp.o(x$fpl$usenofp) for __I$use$fp
    deqf.o(x$fpl$deqf) refers to dnaninf.o(x$fpl$dnaninf) for __fpl_dnaninf
    deqf.o(x$fpl$deqf) refers to dcmpi.o(x$fpl$dcmpinf) for __fpl_dcmp_Inf
    dfixu.o(x$fpl$dfixu) refers (Special) to usenofp.o(x$fpl$usenofp) for __I$use$fp
    dfixu.o(x$fpl$dfixu) refers to dnaninf.o(x$fpl$dnaninf) for __fpl_dnaninf
    dfixu.o(x$fpl$dfixur) refers (Special) to usenofp.o(x$fpl$usenofp) for __I$use$fp
    dfixu.o(x$fpl$dfixur) refers to dnaninf.o(x$fpl$dnaninf) for __fpl_dnaninf
    dflt_clz.o(x$fpl$dfltu) refers (Special) to usenofp.o(x$fpl$usenofp) for __I$use$fp
    dflt_clz.o(x$fpl$dflt) refers (Special) to usenofp.o(x$fpl$usenofp) for __I$use$fp
    dflt_clz.o(x$fpl$dfltn) refers (Special) to usenofp.o(x$fpl$usenofp) for __I$use$fp
    dmul.o(x$fpl$dmul) refers (Special) to usenofp.o(x$fpl$usenofp) for __I$use$fp
    dmul.o(x$fpl$dmul) refers to dretinf.o(x$fpl$dretinf) for __fpl_dretinf
    dmul.o(x$fpl$dmul) refers to dnaninf.o(x$fpl$dnaninf) for __fpl_dnaninf
    __rtentry.o(.ARM.Collect$$rtentry$$00000000) refers (Special) to __rtentry2.o(.ARM.Collect$$rtentry$$0000000A) for __rt_entry_li
    __rtentry.o(.ARM.Collect$$rtentry$$00000000) refers (Special) to __rtentry2.o(.ARM.Collect$$rtentry$$0000000D) for __rt_entry_main
    __rtentry.o(.ARM.Collect$$rtentry$$00000000) refers (Special) to __rtentry2.o(.ARM.Collect$$rtentry$$0000000C) for __rt_entry_postli_1
    __rtentry.o(.ARM.Collect$$rtentry$$00000000) refers (Special) to __rtentry2.o(.ARM.Collect$$rtentry$$00000009) for __rt_entry_postsh_1
    __rtentry.o(.ARM.Collect$$rtentry$$00000000) refers (Special) to __rtentry2.o(.ARM.Collect$$rtentry$$00000002) for __rt_entry_presh_1
    __rtentry.o(.ARM.Collect$$rtentry$$00000000) refers (Special) to __rtentry4.o(.ARM.Collect$$rtentry$$00000004) for __rt_entry_sh
    _printf_char_common.o(.text) refers to __printf.o(.text) for __printf
    _printf_char.o(.text) refers (Weak) to _printf_str.o(.text) for _printf_str
    dcmpi.o(x$fpl$dcmpinf) refers (Special) to usenofp.o(x$fpl$usenofp) for __I$use$fp
    dnaninf.o(x$fpl$dnaninf) refers (Special) to usenofp.o(x$fpl$usenofp) for __I$use$fp
    dretinf.o(x$fpl$dretinf) refers (Special) to usenofp.o(x$fpl$usenofp) for __I$use$fp
    __rtentry2.o(.ARM.Collect$$rtentry$$00000008) refers to boardinit2.o(.text) for _platform_post_stackheap_init
    __rtentry2.o(.ARM.Collect$$rtentry$$0000000A) refers to libinit.o(.ARM.Collect$$libinit$$00000000) for __rt_lib_init
    __rtentry2.o(.ARM.Collect$$rtentry$$0000000B) refers to boardinit3.o(.text) for _platform_post_lib_init
    __rtentry2.o(.ARM.Collect$$rtentry$$0000000D) refers to sample.o(.text) for main
    __rtentry2.o(.ARM.Collect$$rtentry$$0000000D) refers to exit.o(.text) for exit
    __rtentry2.o(.ARM.exidx) refers to __rtentry2.o(.ARM.Collect$$rtentry$$00000001) for .ARM.Collect$$rtentry$$00000001
    __rtentry2.o(.ARM.exidx) refers to __rtentry2.o(.ARM.Collect$$rtentry$$00000008) for .ARM.Collect$$rtentry$$00000008
    __rtentry2.o(.ARM.exidx) refers to __rtentry2.o(.ARM.Collect$$rtentry$$0000000A) for .ARM.Collect$$rtentry$$0000000A
    __rtentry2.o(.ARM.exidx) refers to __rtentry2.o(.ARM.Collect$$rtentry$$0000000B) for .ARM.Collect$$rtentry$$0000000B
    __rtentry2.o(.ARM.exidx) refers to __rtentry2.o(.ARM.Collect$$rtentry$$0000000D) for .ARM.Collect$$rtentry$$0000000D
    __rtentry4.o(.ARM.Collect$$rtentry$$00000004) refers to sys_stackheap_outer.o(.text) for __user_setup_stackheap
    __rtentry4.o(.ARM.exidx) refers to __rtentry4.o(.ARM.Collect$$rtentry$$00000004) for .ARM.Collect$$rtentry$$00000004
    sys_stackheap_outer.o(.text) refers to libspace.o(.text) for __user_perproc_libspace
    sys_stackheap_outer.o(.text) refers to startup_lpc17xx.o(.text) for __user_initial_stackheap
    exit.o(.text) refers to rtexit.o(.ARM.Collect$$rtexit$$00000000) for __rt_exit
    libinit.o(.ARM.Collect$$libinit$$00000000) refers (Special) to libinit2.o(.ARM.Collect$$libinit$$0000002E) for __rt_lib_init_alloca_1
    libinit.o(.ARM.Collect$$libinit$$00000000) refers (Special) to libinit2.o(.ARM.Collect$$libinit$$0000002C) for __rt_lib_init_argv_1
    libinit.o(.ARM.Collect$$libinit$$00000000) refers (Special) to libinit2.o(.ARM.Collect$$libinit$$0000001B) for __rt_lib_init_atexit_1
    libinit.o(.ARM.Collect$$libinit$$00000000) refers (Special) to libinit2.o(.ARM.Collect$$libinit$$00000021) for __rt_lib_init_clock_1
    libinit.o(.ARM.Collect$$libinit$$00000000) refers (Special) to libinit2.o(.ARM.Collect$$libinit$$00000032) for __rt_lib_init_cpp_1
    libinit.o(.ARM.Collect$$libinit$$00000000) refers (Special) to libinit2.o(.ARM.Collect$$libinit$$00000030) for __rt_lib_init_exceptions_1
    libinit.o(.ARM.Collect$$libinit$$00000000) refers (Special) to libinit2.o(.ARM.Collect$$libinit$$00000002) for __rt_lib_init_fp_1
    libinit.o(.ARM.Collect$$libinit$$00000000) refers (Special) to libinit2.o(.ARM.Collect$$libinit$$0000001F) for __rt_lib_init_fp_trap_1
    libinit.o(.ARM.Collect$$libinit$$00000000) refers (Special) to libinit2.o(.ARM.Collect$$libinit$$00000023) for __rt_lib_init_getenv_1
    libinit.o(.ARM.Collect$$libinit$$00000000) refers (Special) to libinit2.o(.ARM.Collect$$libinit$$0000000A) for __rt_lib_init_heap_1
    libinit.o(.ARM.Collect$$libinit$$00000000) refers (Special) to libinit2.o(.ARM.Collect$$libinit$$00000011) for __rt_lib_init_lc_collate_1
    libinit.o(.ARM.Collect$$libinit$$00000000) refers (Special) to libinit2.o(.ARM.Collect$$libinit$$00000013) for __rt_lib_init_lc_ctype_1
    libinit.o(.ARM.Collect$$libinit$$00000000) refers (Special) to libinit2.o(.ARM.Collect$$libinit$$00000015) for __rt_lib_init_lc_monetary_1
    libinit.o(.ARM.Collect$$libinit$$00000000) refers (Special) to libinit2.o(.ARM.Collect$$libinit$$00000017) for __rt_lib_init_lc_numeric_1
    libinit.o(.ARM.Collect$$libinit$$00000000) refers (Special) to libinit2.o(.ARM.Collect$$libinit$$00000019) for __rt_lib_init_lc_time_1
    libinit.o(.ARM.Collect$$libinit$$00000000) refers (Special) to libinit2.o(.ARM.Collect$$libinit$$00000004) for __rt_lib_init_preinit_1
    libinit.o(.ARM.Collect$$libinit$$00000000) refers (Special) to libinit2.o(.ARM.Collect$$libinit$$0000000E) for __rt_lib_init_rand_1
    libinit.o(.ARM.Collect$$libinit$$00000000) refers (Special) to libinit2.o(.ARM.Collect$$libinit$$00000033) for __rt_lib_init_return
    libinit.o(.ARM.Collect$$libinit$$00000000) refers (Special) to libinit2.o(.ARM.Collect$$libinit$$0000001D) for __rt_lib_init_signal_1
    libinit.o(.ARM.Collect$$libinit$$00000000) refers (Special) to libinit2.o(.ARM.Collect$$libinit$$00000025) for __rt_lib_init_stdio_1
    libinit.o(.ARM.Collect$$libinit$$00000000) refers (Special) to libinit2.o(.ARM.Collect$$libinit$$0000000C) for __rt_lib_init_user_alloc_1
    libspace.o(.text) refers to libspace.o(.bss) for __libspace_start
    rtexit.o(.ARM.Collect$$rtexit$$00000000) refers (Special) to rtexit2.o(.ARM.Collect$$rtexit$$00000004) for __rt_exit_exit
    rtexit.o(.ARM.Collect$$rtexit$$00000000) refers (Special) to rtexit2.o(.ARM.Collect$$rtexit$$00000003) for __rt_exit_ls
    rtexit.o(.ARM.Collect$$rtexit$$00000000) refers (Special) to rtexit2.o(.ARM.Collect$$rtexit$$00000002) for __rt_exit_prels_1
    rtexit.o(.ARM.exidx) refers (Special) to rtexit2.o(.ARM.Collect$$rtexit$$00000004) for __rt_exit_exit
    rtexit.o(.ARM.exidx) refers (Special) to rtexit2.o(.ARM.Collect$$rtexit$$00000003) for __rt_exit_ls
    rtexit.o(.ARM.exidx) refers (Special) to rtexit2.o(.ARM.Collect$$rtexit$$00000002) for __rt_exit_prels_1
    rtexit.o(.ARM.exidx) refers to rtexit.o(.ARM.Collect$$rtexit$$00000000) for .ARM.Collect$$rtexit$$00000000
    libinit2.o(.ARM.Collect$$libinit$$00000010) refers to libinit2.o(.ARM.Collect$$libinit$$0000000F) for .ARM.Collect$$libinit$$0000000F
    libinit2.o(.ARM.Collect$$libinit$$00000012) refers to libinit2.o(.ARM.Collect$$libinit$$0000000F) for .ARM.Collect$$libinit$$0000000F
    libinit2.o(.ARM.Collect$$libinit$$00000014) refers to libinit2.o(.ARM.Collect$$libinit$$0000000F) for .ARM.Collect$$libinit$$0000000F
    libinit2.o(.ARM.Collect$$libinit$$00000016) refers to libinit2.o(.ARM.Collect$$libinit$$0000000F) for .ARM.Collect$$libinit$$0000000F
    libinit2.o(.ARM.Collect$$libinit$$00000018) refers to libinit2.o(.ARM.Collect$$libinit$$0000000F) for .ARM.Collect$$libinit$$0000000F
    libinit2.o(.ARM.Collect$$libinit$$00000026) refers to argv_veneer.o(.emb_text) for __ARM_argv_veneer
    libinit2.o(.ARM.Collect$$libinit$$00000027) refers to argv_veneer.o(.emb_text) for __ARM_argv_veneer
    rtexit2.o(.ARM.Collect$$rtexit$$00000003) refers to libshutdown.o(.ARM.Collect$$libshutdown$$00000000) for __rt_lib_shutdown
    rtexit2.o(.ARM.Collect$$rtexit$$00000004) refers to sys_exit.o(.text) for _sys_exit
    rtexit2.o(.ARM.exidx) refers to rtexit2.o(.ARM.Collect$$rtexit$$00000001) for .ARM.Collect$$rtexit$$00000001
    rtexit2.o(.ARM.exidx) refers to rtexit2.o(.ARM.Collect$$rtexit$$00000003) for .ARM.Collect$$rtexit$$00000003
    rtexit2.o(.ARM.exidx) refers to rtexit2.o(.ARM.Collect$$rtexit$$00000004) for .ARM.Collect$$rtexit$$00000004
    argv_veneer.o(.emb_text) refers to no_argv.o(.text) for __ARM_get_argv
    sys_exit.o(.text) refers (Special) to use_no_semi.o(.text) for __I$use$semihosting
    sys_exit.o(.text) refers (Special) to indicate_semi.o(.text) for __semihosting_library_function
    _get_argv_nomalloc.o(.text) refers (Special) to hrguard.o(.text) for __heap_region$guard
    _get_argv_nomalloc.o(.text) refers to defsig_rtmem_outer.o(.text) for __rt_SIGRTMEM
    _get_argv_nomalloc.o(.text) refers to sys_command.o(.text) for _sys_command_string
    libshutdown.o(.ARM.Collect$$libshutdown$$00000000) refers (Special) to libshutdown2.o(.ARM.Collect$$libshutdown$$00000002) for __rt_lib_shutdown_cpp_1
    libshutdown.o(.ARM.Collect$$libshutdown$$00000000) refers (Special) to libshutdown2.o(.ARM.Collect$$libshutdown$$00000007) for __rt_lib_shutdown_fp_trap_1
    libshutdown.o(.ARM.Collect$$libshutdown$$00000000) refers (Special) to libshutdown2.o(.ARM.Collect$$libshutdown$$0000000F) for __rt_lib_shutdown_heap_1
    libshutdown.o(.ARM.Collect$$libshutdown$$00000000) refers (Special) to libshutdown2.o(.ARM.Collect$$libshutdown$$00000010) for __rt_lib_shutdown_return
    libshutdown.o(.ARM.Collect$$libshutdown$$00000000) refers (Special) to libshutdown2.o(.ARM.Collect$$libshutdown$$0000000A) for __rt_lib_shutdown_signal_1
    libshutdown.o(.ARM.Collect$$libshutdown$$00000000) refers (Special) to libshutdown2.o(.ARM.Collect$$libshutdown$$00000004) for __rt_lib_shutdown_stdio_1
    libshutdown.o(.ARM.Collect$$libshutdown$$00000000) refers (Special) to libshutdown2.o(.ARM.Collect$$libshutdown$$0000000C) for __rt_lib_shutdown_user_alloc_1
    sys_command.o(.text) refers (Special) to use_no_semi.o(.text) for __I$use$semihosting
    sys_command.o(.text) refers (Special) to indicate_semi.o(.text) for __semihosting_library_function
    defsig_rtmem_outer.o(.text) refers to defsig_rtmem_inner.o(.text) for __rt_SIGRTMEM_inner
    defsig_rtmem_outer.o(.text) refers to defsig_exit.o(.text) for __sig_exit
    defsig_rtmem_formal.o(.text) refers to rt_raise.o(.text) for __rt_raise
    rt_raise.o(.text) refers to __raise.o(.text) for __raise
    rt_raise.o(.text) refers to sys_exit.o(.text) for _sys_exit
    defsig_exit.o(.text) refers to sys_exit.o(.text) for _sys_exit
    defsig_rtmem_inner.o(.text) refers to defsig_general.o(.text) for __default_signal_display
    __raise.o(.text) refers to defsig.o(CL$$defsig) for __default_signal_handler
    defsig_general.o(.text) refers to sys_wrch.o(.text) for _ttywrch
    sys_wrch.o(.text) refers (Special) to use_no_semi.o(.text) for __I$use$semihosting
    sys_wrch.o(.text) refers (Special) to indicate_semi.o(.text) for __semihosting_library_function
    defsig.o(CL$$defsig) refers to defsig_rtmem_inner.o(.text) for __rt_SIGRTMEM_inner
    defsig_abrt_inner.o(.text) refers to defsig_general.o(.text) for __default_signal_display
    defsig_fpe_inner.o(.text) refers to defsig_general.o(.text) for __default_signal_display
    defsig_rtred_inner.o(.text) refers to defsig_general.o(.text) for __default_signal_display
    defsig_stak_inner.o(.text) refers to defsig_general.o(.text) for __default_signal_display
    defsig_pvfn_inner.o(.text) refers to defsig_general.o(.text) for __default_signal_display
    defsig_cppl_inner.o(.text) refers to defsig_general.o(.text) for __default_signal_display
    defsig_segv_inner.o(.text) refers to defsig_general.o(.text) for __default_signal_display
    defsig_other.o(.text) refers to defsig_general.o(.text) for __default_signal_display


==============================================================================

Removing Unused input sections from the image.

    Removing sample.o(.rev16_text), (4 bytes).
    Removing sample.o(.revsh_text), (4 bytes).
    Removing core_cm3.o(.emb_text), (32 bytes).
    Removing system_lpc17xx.o(.rev16_text), (4 bytes).
    Removing system_lpc17xx.o(.revsh_text), (4 bytes).
    Removing funct_led.o(.rev16_text), (4 bytes).
    Removing funct_led.o(.revsh_text), (4 bytes).
    Removing lib_led.o(.rev16_text), (4 bytes).
    Removing lib_led.o(.revsh_text), (4 bytes).
    Removing lib_button.o(.rev16_text), (4 bytes).
    Removing lib_button.o(.revsh_text), (4 bytes).
    Removing irq_button.o(.rev16_text), (4 bytes).
    Removing irq_button.o(.revsh_text), (4 bytes).
    Removing irq_timer.o(.rev16_text), (4 bytes).
    Removing irq_timer.o(.revsh_text), (4 bytes).
    Removing lib_timer.o(.rev16_text), (4 bytes).
    Removing lib_timer.o(.revsh_text), (4 bytes).
    Removing irq_rit.o(.rev16_text), (4 bytes).
    Removing irq_rit.o(.revsh_text), (4 bytes).
    Removing lib_rit.o(.rev16_text), (4 bytes).
    Removing lib_rit.o(.revsh_text), (4 bytes).
    Removing funct_joystick.o(.rev16_text), (4 bytes).
    Removing funct_joystick.o(.revsh_text), (4 bytes).
    Removing lib_joystick.o(.rev16_text), (4 bytes).
    Removing lib_joystick.o(.revsh_text), (4 bytes).
    Removing lib_dac.o(.rev16_text), (4 bytes).
    Removing lib_dac.o(.revsh_text), (4 bytes).
    Removing irq_adc.o(.rev16_text), (4 bytes).
    Removing irq_adc.o(.revsh_text), (4 bytes).
    Removing lib_adc.o(.rev16_text), (4 bytes).
    Removing lib_adc.o(.revsh_text), (4 bytes).
    Removing glcd.o(.rev16_text), (4 bytes).
    Removing glcd.o(.revsh_text), (4 bytes).
    Removing touchpanel.o(.rev16_text), (4 bytes).
    Removing touchpanel.o(.revsh_text), (4 bytes).

35 unused section(s) (total 168 bytes) removed from the image.

==============================================================================

Image Symbol Table

    Local Symbols

    Symbol Name                              Value     Ov Type        Size  Object(Section)

    RESET                                    0x00000000   Section      204  startup_lpc17xx.o(RESET)
    ../clib/angel/boardlib.s                 0x00000000   Number         0  boardinit3.o ABSOLUTE
    ../clib/angel/boardlib.s                 0x00000000   Number         0  boardinit1.o ABSOLUTE
    ../clib/angel/boardlib.s                 0x00000000   Number         0  boardinit2.o ABSOLUTE
    ../clib/angel/boardlib.s                 0x00000000   Number         0  boardshut.o ABSOLUTE
    ../clib/angel/dczerorl2.s                0x00000000   Number         0  __dczerorl2.o ABSOLUTE
    ../clib/angel/handlers.s                 0x00000000   Number         0  __scatter_zi.o ABSOLUTE
    ../clib/angel/kernel.s                   0x00000000   Number         0  rtexit.o ABSOLUTE
    ../clib/angel/kernel.s                   0x00000000   Number         0  __rtentry.o ABSOLUTE
    ../clib/angel/kernel.s                   0x00000000   Number         0  rtexit2.o ABSOLUTE
    ../clib/angel/kernel.s                   0x00000000   Number         0  __rtentry4.o ABSOLUTE
    ../clib/angel/kernel.s                   0x00000000   Number         0  __rtentry2.o ABSOLUTE
    ../clib/angel/rt.s                       0x00000000   Number         0  rt_raise.o ABSOLUTE
    ../clib/angel/scatter.s                  0x00000000   Number         0  __scatter.o ABSOLUTE
    ../clib/angel/startup.s                  0x00000000   Number         0  __main.o ABSOLUTE
    ../clib/angel/sys.s                      0x00000000   Number         0  libspace.o ABSOLUTE
    ../clib/angel/sys.s                      0x00000000   Number         0  sys_stackheap_outer.o ABSOLUTE
    ../clib/angel/sys.s                      0x00000000   Number         0  use_no_semi.o ABSOLUTE
    ../clib/angel/sys.s                      0x00000000   Number         0  indicate_semi.o ABSOLUTE
    ../clib/angel/sysapp.c                   0x00000000   Number         0  sys_exit.o ABSOLUTE
    ../clib/angel/sysapp.c                   0x00000000   Number         0  sys_command.o ABSOLUTE
    ../clib/angel/sysapp.c                   0x00000000   Number         0  sys_wrch.o ABSOLUTE
    ../clib/armsys.c                         0x00000000   Number         0  argv_veneer.o ABSOLUTE
    ../clib/armsys.c                         0x00000000   Number         0  _get_argv_nomalloc.o ABSOLUTE
    ../clib/armsys.c                         0x00000000   Number         0  argv_veneer.o ABSOLUTE
    ../clib/armsys.c                         0x00000000   Number         0  no_argv.o ABSOLUTE
    ../clib/heapalloc.c                      0x00000000   Number         0  hrguard.o ABSOLUTE
    ../clib/heapaux.c                        0x00000000   Number         0  heapauxi.o ABSOLUTE
    ../clib/libinit.s                        0x00000000   Number         0  libinit2.o ABSOLUTE
    ../clib/libinit.s                        0x00000000   Number         0  libshutdown2.o ABSOLUTE
    ../clib/libinit.s                        0x00000000   Number         0  libinit.o ABSOLUTE
    ../clib/libinit.s                        0x00000000   Number         0  libshutdown.o ABSOLUTE
    ../clib/memcpset.s                       0x00000000   Number         0  rt_memcpy_v6.o ABSOLUTE
    ../clib/memcpset.s                       0x00000000   Number         0  rt_memclr_w.o ABSOLUTE
    ../clib/memcpset.s                       0x00000000   Number         0  rt_memcpy_w.o ABSOLUTE
    ../clib/printf.c                         0x00000000   Number         0  __printf_flags_ss_wp.o ABSOLUTE
    ../clib/printf.c                         0x00000000   Number         0  __printf_nopercent.o ABSOLUTE
    ../clib/printf.c                         0x00000000   Number         0  _printf_char_common.o ABSOLUTE
    ../clib/printf.c                         0x00000000   Number         0  __printf_ss_wp.o ABSOLUTE
    ../clib/printf.c                         0x00000000   Number         0  _printf_intcommon.o ABSOLUTE
    ../clib/printf.c                         0x00000000   Number         0  __printf_flags.o ABSOLUTE
    ../clib/printf.c                         0x00000000   Number         0  __printf_ss.o ABSOLUTE
    ../clib/printf.c                         0x00000000   Number         0  __printf_flags_ss.o ABSOLUTE
    ../clib/printf.c                         0x00000000   Number         0  __printf_wp.o ABSOLUTE
    ../clib/printf.c                         0x00000000   Number         0  __printf_flags_wp.o ABSOLUTE
    ../clib/printf.c                         0x00000000   Number         0  __2sprintf.o ABSOLUTE
    ../clib/printf.c                         0x00000000   Number         0  noretval__2sprintf.o ABSOLUTE
    ../clib/printf.c                         0x00000000   Number         0  __printf.o ABSOLUTE
    ../clib/printf.c                         0x00000000   Number         0  _printf_char.o ABSOLUTE
    ../clib/printf.c                         0x00000000   Number         0  _printf_str.o ABSOLUTE
    ../clib/printf.c                         0x00000000   Number         0  _sputc.o ABSOLUTE
    ../clib/printf.c                         0x00000000   Number         0  _printf_dec.o ABSOLUTE
    ../clib/printf_percent.s                 0x00000000   Number         0  _printf_d.o ABSOLUTE
    ../clib/printf_percent.s                 0x00000000   Number         0  _printf_c.o ABSOLUTE
    ../clib/printf_percent.s                 0x00000000   Number         0  _printf_percent_end.o ABSOLUTE
    ../clib/printf_percent.s                 0x00000000   Number         0  _printf_percent.o ABSOLUTE
    ../clib/signal.c                         0x00000000   Number         0  defsig_exit.o ABSOLUTE
    ../clib/signal.c                         0x00000000   Number         0  defsig_rtmem_formal.o ABSOLUTE
    ../clib/signal.c                         0x00000000   Number         0  defsig_rtmem_outer.o ABSOLUTE
    ../clib/signal.c                         0x00000000   Number         0  defsig_other.o ABSOLUTE
    ../clib/signal.c                         0x00000000   Number         0  defsig_segv_inner.o ABSOLUTE
    ../clib/signal.c                         0x00000000   Number         0  defsig_cppl_inner.o ABSOLUTE
    ../clib/signal.c                         0x00000000   Number         0  defsig_pvfn_inner.o ABSOLUTE
    ../clib/signal.c                         0x00000000   Number         0  defsig_stak_inner.o ABSOLUTE
    ../clib/signal.c                         0x00000000   Number         0  defsig_rtred_inner.o ABSOLUTE
    ../clib/signal.c                         0x00000000   Number         0  defsig_fpe_inner.o ABSOLUTE
    ../clib/signal.c                         0x00000000   Number         0  defsig_abrt_inner.o ABSOLUTE
    ../clib/signal.c                         0x00000000   Number         0  defsig_general.o ABSOLUTE
    ../clib/signal.c                         0x00000000   Number         0  __raise.o ABSOLUTE
    ../clib/signal.c                         0x00000000   Number         0  defsig_rtmem_inner.o ABSOLUTE
    ../clib/signal.s                         0x00000000   Number         0  defsig.o ABSOLUTE
    ../clib/stdlib.c                         0x00000000   Number         0  exit.o ABSOLUTE
    ../fplib/daddsub.s                       0x00000000   Number         0  daddsub_clz.o ABSOLUTE
    ../fplib/dcmpi.s                         0x00000000   Number         0  dcmpi.o ABSOLUTE
    ../fplib/ddiv.s                          0x00000000   Number         0  ddiv.o ABSOLUTE
    ../fplib/deqf.s                          0x00000000   Number         0  deqf.o ABSOLUTE
    ../fplib/dfixu.s                         0x00000000   Number         0  dfixu.o ABSOLUTE
    ../fplib/dflt.s                          0x00000000   Number         0  dflt_clz.o ABSOLUTE
    ../fplib/dmul.s                          0x00000000   Number         0  dmul.o ABSOLUTE
    ../fplib/dnaninf.s                       0x00000000   Number         0  dnaninf.o ABSOLUTE
    ../fplib/dretinf.s                       0x00000000   Number         0  dretinf.o ABSOLUTE
    ../fplib/fpinit.s                        0x00000000   Number         0  fpinit.o ABSOLUTE
    ../fplib/usenofp.s                       0x00000000   Number         0  usenofp.o ABSOLUTE
    GLCD\AsciiLib.c                          0x00000000   Number         0  asciilib.o ABSOLUTE
    GLCD\GLCD.c                              0x00000000   Number         0  glcd.o ABSOLUTE
    GLCD\\GLCD.c                             0x00000000   Number         0  glcd.o ABSOLUTE
    RIT\IRQ_RIT.c                            0x00000000   Number         0  irq_rit.o ABSOLUTE
    RIT\\IRQ_RIT.c                           0x00000000   Number         0  irq_rit.o ABSOLUTE
    RIT\\lib_RIT.c                           0x00000000   Number         0  lib_rit.o ABSOLUTE
    RIT\lib_RIT.c                            0x00000000   Number         0  lib_rit.o ABSOLUTE
    TouchPanel\TouchPanel.c                  0x00000000   Number         0  touchpanel.o ABSOLUTE
    TouchPanel\\TouchPanel.c                 0x00000000   Number         0  touchpanel.o ABSOLUTE
    adc\IRQ_adc.c                            0x00000000   Number         0  irq_adc.o ABSOLUTE
    adc\\IRQ_adc.c                           0x00000000   Number         0  irq_adc.o ABSOLUTE
    adc\\lib_adc.c                           0x00000000   Number         0  lib_adc.o ABSOLUTE
    adc\lib_adc.c                            0x00000000   Number         0  lib_adc.o ABSOLUTE
    button_EXINT\IRQ_button.c                0x00000000   Number         0  irq_button.o ABSOLUTE
    button_EXINT\\IRQ_button.c               0x00000000   Number         0  irq_button.o ABSOLUTE
    button_EXINT\\lib_button.c               0x00000000   Number         0  lib_button.o ABSOLUTE
    button_EXINT\lib_button.c                0x00000000   Number         0  lib_button.o ABSOLUTE
    core_cm3.c                               0x00000000   Number         0  core_cm3.o ABSOLUTE
    core_cm3.c                               0x00000000   Number         0  core_cm3.o ABSOLUTE
    dac\\lib_dac.c                           0x00000000   Number         0  lib_dac.o ABSOLUTE
    dac\lib_dac.c                            0x00000000   Number         0  lib_dac.o ABSOLUTE
    dc.s                                     0x00000000   Number         0  dc.o ABSOLUTE
    joystick\\funct_joystick.c               0x00000000   Number         0  funct_joystick.o ABSOLUTE
    joystick\\lib_joystick.c                 0x00000000   Number         0  lib_joystick.o ABSOLUTE
    joystick\funct_joystick.c                0x00000000   Number         0  funct_joystick.o ABSOLUTE
    joystick\lib_joystick.c                  0x00000000   Number         0  lib_joystick.o ABSOLUTE
    led\\funct_led.c                         0x00000000   Number         0  funct_led.o ABSOLUTE
    led\\lib_led.c                           0x00000000   Number         0  lib_led.o ABSOLUTE
    led\funct_led.c                          0x00000000   Number         0  funct_led.o ABSOLUTE
    led\lib_led.c                            0x00000000   Number         0  lib_led.o ABSOLUTE
    sample.c                                 0x00000000   Number         0  sample.o ABSOLUTE
    sample.c                                 0x00000000   Number         0  sample.o ABSOLUTE
    startup_LPC17xx.s                        0x00000000   Number         0  startup_lpc17xx.o ABSOLUTE
    system_LPC17xx.c                         0x00000000   Number         0  system_lpc17xx.o ABSOLUTE
    system_LPC17xx.c                         0x00000000   Number         0  system_lpc17xx.o ABSOLUTE
    timer\IRQ_timer.c                        0x00000000   Number         0  irq_timer.o ABSOLUTE
    timer\\IRQ_timer.c                       0x00000000   Number         0  irq_timer.o ABSOLUTE
    timer\\lib_timer.c                       0x00000000   Number         0  lib_timer.o ABSOLUTE
    timer\lib_timer.c                        0x00000000   Number         0  lib_timer.o ABSOLUTE
    !!!main                                  0x000000cc   Section        8  __main.o(!!!main)
    !!!scatter                               0x000000d4   Section       52  __scatter.o(!!!scatter)
    !!dczerorl2                              0x00000108   Section       90  __dczerorl2.o(!!dczerorl2)
    !!handler_zi                             0x00000164   Section       28  __scatter_zi.o(!!handler_zi)
    .ARM.Collect$$_printf_percent$$00000000  0x00000180   Section        0  _printf_percent.o(.ARM.Collect$$_printf_percent$$00000000)
    .ARM.Collect$$_printf_percent$$00000009  0x00000180   Section        6  _printf_d.o(.ARM.Collect$$_printf_percent$$00000009)
    .ARM.Collect$$_printf_percent$$00000013  0x00000186   Section        6  _printf_c.o(.ARM.Collect$$_printf_percent$$00000013)
    .ARM.Collect$$_printf_percent$$00000017  0x0000018c   Section        4  _printf_percent_end.o(.ARM.Collect$$_printf_percent$$00000017)
    .ARM.Collect$$libinit$$00000000          0x00000190   Section        2  libinit.o(.ARM.Collect$$libinit$$00000000)
    .ARM.Collect$$libinit$$00000002          0x00000192   Section        0  libinit2.o(.ARM.Collect$$libinit$$00000002)
    .ARM.Collect$$libinit$$00000004          0x00000192   Section        0  libinit2.o(.ARM.Collect$$libinit$$00000004)
    .ARM.Collect$$libinit$$0000000A          0x00000192   Section        0  libinit2.o(.ARM.Collect$$libinit$$0000000A)
    .ARM.Collect$$libinit$$0000000C          0x00000192   Section        0  libinit2.o(.ARM.Collect$$libinit$$0000000C)
    .ARM.Collect$$libinit$$0000000E          0x00000192   Section        0  libinit2.o(.ARM.Collect$$libinit$$0000000E)
    .ARM.Collect$$libinit$$00000011          0x00000192   Section        0  libinit2.o(.ARM.Collect$$libinit$$00000011)
    .ARM.Collect$$libinit$$00000013          0x00000192   Section        0  libinit2.o(.ARM.Collect$$libinit$$00000013)
    .ARM.Collect$$libinit$$00000015          0x00000192   Section        0  libinit2.o(.ARM.Collect$$libinit$$00000015)
    .ARM.Collect$$libinit$$00000017          0x00000192   Section        0  libinit2.o(.ARM.Collect$$libinit$$00000017)
    .ARM.Collect$$libinit$$00000019          0x00000192   Section        0  libinit2.o(.ARM.Collect$$libinit$$00000019)
    .ARM.Collect$$libinit$$0000001B          0x00000192   Section        0  libinit2.o(.ARM.Collect$$libinit$$0000001B)
    .ARM.Collect$$libinit$$0000001D          0x00000192   Section        0  libinit2.o(.ARM.Collect$$libinit$$0000001D)
    .ARM.Collect$$libinit$$0000001F          0x00000192   Section        0  libinit2.o(.ARM.Collect$$libinit$$0000001F)
    .ARM.Collect$$libinit$$00000021          0x00000192   Section        0  libinit2.o(.ARM.Collect$$libinit$$00000021)
    .ARM.Collect$$libinit$$00000023          0x00000192   Section        0  libinit2.o(.ARM.Collect$$libinit$$00000023)
    .ARM.Collect$$libinit$$00000025          0x00000192   Section        0  libinit2.o(.ARM.Collect$$libinit$$00000025)
    .ARM.Collect$$libinit$$0000002C          0x00000192   Section        0  libinit2.o(.ARM.Collect$$libinit$$0000002C)
    .ARM.Collect$$libinit$$0000002E          0x00000192   Section        0  libinit2.o(.ARM.Collect$$libinit$$0000002E)
    .ARM.Collect$$libinit$$00000030          0x00000192   Section        0  libinit2.o(.ARM.Collect$$libinit$$00000030)
    .ARM.Collect$$libinit$$00000032          0x00000192   Section        0  libinit2.o(.ARM.Collect$$libinit$$00000032)
    .ARM.Collect$$libinit$$00000033          0x00000192   Section        2  libinit2.o(.ARM.Collect$$libinit$$00000033)
    .ARM.Collect$$libshutdown$$00000000      0x00000194   Section        2  libshutdown.o(.ARM.Collect$$libshutdown$$00000000)
    .ARM.Collect$$libshutdown$$00000002      0x00000196   Section        0  libshutdown2.o(.ARM.Collect$$libshutdown$$00000002)
    .ARM.Collect$$libshutdown$$00000004      0x00000196   Section        0  libshutdown2.o(.ARM.Collect$$libshutdown$$00000004)
    .ARM.Collect$$libshutdown$$00000007      0x00000196   Section        0  libshutdown2.o(.ARM.Collect$$libshutdown$$00000007)
    .ARM.Collect$$libshutdown$$0000000A      0x00000196   Section        0  libshutdown2.o(.ARM.Collect$$libshutdown$$0000000A)
    .ARM.Collect$$libshutdown$$0000000C      0x00000196   Section        0  libshutdown2.o(.ARM.Collect$$libshutdown$$0000000C)
    .ARM.Collect$$libshutdown$$0000000F      0x00000196   Section        0  libshutdown2.o(.ARM.Collect$$libshutdown$$0000000F)
    .ARM.Collect$$libshutdown$$00000010      0x00000196   Section        2  libshutdown2.o(.ARM.Collect$$libshutdown$$00000010)
    .ARM.Collect$$rtentry$$00000000          0x00000198   Section        0  __rtentry.o(.ARM.Collect$$rtentry$$00000000)
    .ARM.Collect$$rtentry$$00000002          0x00000198   Section        0  __rtentry2.o(.ARM.Collect$$rtentry$$00000002)
    .ARM.Collect$$rtentry$$00000004          0x00000198   Section        6  __rtentry4.o(.ARM.Collect$$rtentry$$00000004)
    .ARM.Collect$$rtentry$$00000009          0x0000019e   Section        0  __rtentry2.o(.ARM.Collect$$rtentry$$00000009)
    .ARM.Collect$$rtentry$$0000000A          0x0000019e   Section        4  __rtentry2.o(.ARM.Collect$$rtentry$$0000000A)
    .ARM.Collect$$rtentry$$0000000C          0x000001a2   Section        0  __rtentry2.o(.ARM.Collect$$rtentry$$0000000C)
    .ARM.Collect$$rtentry$$0000000D          0x000001a2   Section        8  __rtentry2.o(.ARM.Collect$$rtentry$$0000000D)
    .ARM.Collect$$rtexit$$00000000           0x000001aa   Section        2  rtexit.o(.ARM.Collect$$rtexit$$00000000)
    .ARM.Collect$$rtexit$$00000002           0x000001ac   Section        0  rtexit2.o(.ARM.Collect$$rtexit$$00000002)
    .ARM.Collect$$rtexit$$00000003           0x000001ac   Section        4  rtexit2.o(.ARM.Collect$$rtexit$$00000003)
    .ARM.Collect$$rtexit$$00000004           0x000001b0   Section        6  rtexit2.o(.ARM.Collect$$rtexit$$00000004)
    .text                                    0x000001b8   Section       52  startup_lpc17xx.o(.text)
    .text                                    0x000001ec   Section        0  funct_led.o(.text)
    .text                                    0x00000258   Section        0  lib_led.o(.text)
    .text                                    0x00000298   Section        0  funct_joystick.o(.text)
    .text                                    0x000002cc   Section        0  lib_joystick.o(.text)
    .text                                    0x000002f0   Section        0  heapauxi.o(.text)
    .text                                    0x000002f6   Section        2  use_no_semi.o(.text)
    .text                                    0x000002f8   Section        0  indicate_semi.o(.text)
    x$fpl$usenofp                            0x000002f8   Section        0  usenofp.o(x$fpl$usenofp)
    .ARM.__at_0x02FC                         0x000002fc   Section        4  startup_lpc17xx.o(.ARM.__at_0x02FC)
    .text                                    0x00000300   Section        0  sample.o(.text)
    .text                                    0x00000464   Section        0  system_lpc17xx.o(.text)
    .text                                    0x00000690   Section        0  lib_button.o(.text)
    NVIC_SetPriority                         0x00000691   Thumb Code    32  lib_button.o(.text)
    NVIC_EnableIRQ                           0x0000072d   Thumb Code    22  lib_button.o(.text)
    .text                                    0x00000758   Section        0  irq_button.o(.text)
    NVIC_DisableIRQ                          0x000007d7   Thumb Code    18  irq_button.o(.text)
    .text                                    0x00000804   Section        0  irq_timer.o(.text)
    .text                                    0x00000c30   Section        0  lib_timer.o(.text)
    NVIC_EnableIRQ                           0x00000d57   Thumb Code    22  lib_timer.o(.text)
    .text                                    0x00000d7c   Section        0  irq_rit.o(.text)
    NVIC_EnableIRQ                           0x0000131f   Thumb Code    22  irq_rit.o(.text)
    .text                                    0x0000137c   Section        0  lib_rit.o(.text)
    .text                                    0x00001400   Section        0  lib_dac.o(.text)
    .text                                    0x00001438   Section        0  irq_adc.o(.text)
    .text                                    0x000014a0   Section        0  lib_adc.o(.text)
    .text                                    0x000014fc   Section        0  asciilib.o(.text)
    .text                                    0x0000151c   Section        0  glcd.o(.text)
    LCD_Configuration                        0x0000151d   Thumb Code    20  glcd.o(.text)
    wait_delay                               0x00001531   Thumb Code    12  glcd.o(.text)
    LCD_SetCursor                            0x0000153d   Thumb Code  1356  glcd.o(.text)
    delay_ms                                 0x00001a89   Thumb Code    30  glcd.o(.text)
    LCD_BGR2RGB                              0x00004f85   Thumb Code    26  glcd.o(.text)
    .text                                    0x00005600   Section        0  touchpanel.o(.text)
    ADS7843_SPI_Init                         0x00005611   Thumb Code   128  touchpanel.o(.text)
    DelayUS                                  0x000056af   Thumb Code    28  touchpanel.o(.text)
    WR_CMD                                   0x000056cb   Thumb Code    56  touchpanel.o(.text)
    RD_AD                                    0x00005703   Thumb Code    44  touchpanel.o(.text)
    .text                                    0x00006288   Section        0  noretval__2sprintf.o(.text)
    .text                                    0x000062b0   Section        0  __printf.o(.text)
    .text                                    0x00006318   Section        0  _printf_str.o(.text)
    .text                                    0x0000636c   Section        0  _printf_dec.o(.text)
    .text                                    0x000063e4   Section      138  rt_memcpy_v6.o(.text)
    .text                                    0x0000646e   Section       78  rt_memclr_w.o(.text)
    .text                                    0x000064bc   Section        0  _printf_intcommon.o(.text)
    .text                                    0x00006570   Section        0  _printf_char_common.o(.text)
    _printf_input_char                       0x00006571   Thumb Code    10  _printf_char_common.o(.text)
    .text                                    0x000065a0   Section        0  _sputc.o(.text)
    .text                                    0x000065aa   Section        0  _printf_char.o(.text)
    .text                                    0x000065d6   Section      100  rt_memcpy_w.o(.text)
    .text                                    0x0000663a   Section       74  sys_stackheap_outer.o(.text)
    .text                                    0x00006684   Section        0  exit.o(.text)
    .text                                    0x00006698   Section        8  libspace.o(.text)
    .text                                    0x000066a0   Section        0  sys_exit.o(.text)
    x$fpl$dadd                               0x000066ac   Section      336  daddsub_clz.o(x$fpl$dadd)
    _dadd1                                   0x000066bd   Thumb Code     0  daddsub_clz.o(x$fpl$dadd)
    x$fpl$dcmpinf                            0x000067fc   Section       24  dcmpi.o(x$fpl$dcmpinf)
    x$fpl$ddiv                               0x00006814   Section      688  ddiv.o(x$fpl$ddiv)
    ddiv_entry                               0x0000681b   Thumb Code     0  ddiv.o(x$fpl$ddiv)
    x$fpl$deqf                               0x00006ac4   Section      120  deqf.o(x$fpl$deqf)
    x$fpl$dfixu                              0x00006b3c   Section       90  dfixu.o(x$fpl$dfixu)
    x$fpl$dflt                               0x00006b96   Section       46  dflt_clz.o(x$fpl$dflt)
    x$fpl$dfltu                              0x00006bc4   Section       38  dflt_clz.o(x$fpl$dfltu)
    x$fpl$dmul                               0x00006bec   Section      340  dmul.o(x$fpl$dmul)
    x$fpl$dnaninf                            0x00006d40   Section      156  dnaninf.o(x$fpl$dnaninf)
    x$fpl$dretinf                            0x00006ddc   Section       12  dretinf.o(x$fpl$dretinf)
    x$fpl$dsub                               0x00006de8   Section      468  daddsub_clz.o(x$fpl$dsub)
    _dsub1                                   0x00006df9   Thumb Code     0  daddsub_clz.o(x$fpl$dsub)
    .constdata                               0x00006fbc   Section       32  funct_led.o(.constdata)
    .constdata                               0x00006fdc   Section     1520  asciilib.o(.constdata)
    AsciiLib                                 0x00006fdc   Data        1520  asciilib.o(.constdata)
    .data                                    0x10000000   Section        4  system_lpc17xx.o(.data)
    .data                                    0x10000004   Section        1  lib_led.o(.data)
    .data                                    0x10000008   Section      128  irq_timer.o(.data)
    up_down                                  0x10000064   Data           4  irq_timer.o(.data)
    tono                                     0x1000006c   Data           4  irq_timer.o(.data)
    modifica_tono1                           0x1000007c   Data           4  irq_timer.o(.data)
    modifica_tono2                           0x10000080   Data           4  irq_timer.o(.data)
    ticks                                    0x10000084   Data           4  irq_timer.o(.data)
    .data                                    0x10000088   Section      104  irq_rit.o(.data)
    select                                   0x10000094   Data           4  irq_rit.o(.data)
    up                                       0x10000098   Data           4  irq_rit.o(.data)
    downj                                    0x1000009c   Data           4  irq_rit.o(.data)
    up_down                                  0x100000a4   Data           4  irq_rit.o(.data)
    conteggio                                0x100000a8   Data           4  irq_rit.o(.data)
    nhold                                    0x100000e4   Data           4  irq_rit.o(.data)
    emergency                                0x100000ec   Data           4  irq_rit.o(.data)
    .data                                    0x100000f0   Section        4  irq_adc.o(.data)
    .data                                    0x100000f4   Section        1  glcd.o(.data)
    LCD_Code                                 0x100000f4   Data           1  glcd.o(.data)
    .data                                    0x100000f8   Section     2324  touchpanel.o(.data)
    matriceStandBy                           0x100000f8   Data        2304  touchpanel.o(.data)
    screen                                   0x10000a08   Data           4  touchpanel.o(.data)
    .bss                                     0x10000a0c   Section      104  irq_rit.o(.bss)
    .bss                                     0x10000a78   Section       68  touchpanel.o(.bss)
    .bss                                     0x10000abc   Section       96  libspace.o(.bss)
    HEAP                                     0x10000b20   Section        0  startup_lpc17xx.o(HEAP)
    STACK                                    0x10000b20   Section      512  startup_lpc17xx.o(STACK)
    Heap_Mem                                 0x10000b20   Data           0  startup_lpc17xx.o(HEAP)
    Stack_Mem                                0x10000b20   Data         512  startup_lpc17xx.o(STACK)
    __initial_sp                             0x10000d20   Data           0  startup_lpc17xx.o(STACK)

    Global Symbols

    Symbol Name                              Value     Ov Type        Size  Object(Section)

    BuildAttributes$$THM_ISAv4$P$D$K$B$S$PE$A:L22UL41UL21$X:L11$S22US41US21$IEEE1$IW$USESV6$~STKCKD$USESV7$~SHL$OSPACE$ROPI$EBA8$UX$STANDARDLIB$REQ8$PRES8$EABIv2 0x00000000   Number         0  anon$$obj.o ABSOLUTE
    __ARM_use_no_argv                        0x00000000   Number         0  sample.o ABSOLUTE
    __Vectors                                0x00000000   Data           4  startup_lpc17xx.o(RESET)
    __ARM_exceptions_init                     - Undefined Weak Reference
    __alloca_initialize                       - Undefined Weak Reference
    __arm_preinit_                            - Undefined Weak Reference
    __cpp_initialize__aeabi_                  - Undefined Weak Reference
    __cxa_finalize                            - Undefined Weak Reference
    __rt_locale                               - Undefined Weak Reference
    __sigvec_lookup                           - Undefined Weak Reference
    _atexit_init                              - Undefined Weak Reference
    _call_atexit_fns                          - Undefined Weak Reference
    _clock_init                               - Undefined Weak Reference
    _fp_trap_init                             - Undefined Weak Reference
    _fp_trap_shutdown                         - Undefined Weak Reference
    _get_lc_collate                           - Undefined Weak Reference
    _get_lc_ctype                             - Undefined Weak Reference
    _get_lc_monetary                          - Undefined Weak Reference
    _get_lc_numeric                           - Undefined Weak Reference
    _get_lc_time                              - Undefined Weak Reference
    _getenv_init                              - Undefined Weak Reference
    _handle_redirection                       - Undefined Weak Reference
    _init_alloc                               - Undefined Weak Reference
    _init_user_alloc                          - Undefined Weak Reference
    _initio                                   - Undefined Weak Reference
    _printf_mbtowc                            - Undefined Weak Reference
    _printf_post_padding                      - Undefined Weak Reference
    _printf_pre_padding                       - Undefined Weak Reference
    _printf_truncate_signed                   - Undefined Weak Reference
    _printf_truncate_unsigned                 - Undefined Weak Reference
    _rand_init                                - Undefined Weak Reference
    _signal_finish                            - Undefined Weak Reference
    _signal_init                              - Undefined Weak Reference
    _terminate_alloc                          - Undefined Weak Reference
    _terminate_user_alloc                     - Undefined Weak Reference
    _terminateio                              - Undefined Weak Reference
    __main                                   0x000000cd   Thumb Code     8  __main.o(!!!main)
    __scatterload                            0x000000d5   Thumb Code     0  __scatter.o(!!!scatter)
    __scatterload_rt2                        0x000000d5   Thumb Code    44  __scatter.o(!!!scatter)
    __scatterload_rt2_thumb_only             0x000000d5   Thumb Code     0  __scatter.o(!!!scatter)
    __scatterload_null                       0x000000e3   Thumb Code     0  __scatter.o(!!!scatter)
    __decompress                             0x00000109   Thumb Code    90  __dczerorl2.o(!!dczerorl2)
    __decompress1                            0x00000109   Thumb Code     0  __dczerorl2.o(!!dczerorl2)
    __scatterload_zeroinit                   0x00000165   Thumb Code    28  __scatter_zi.o(!!handler_zi)
    _printf_d                                0x00000181   Thumb Code     0  _printf_d.o(.ARM.Collect$$_printf_percent$$00000009)
    _printf_percent                          0x00000181   Thumb Code     0  _printf_percent.o(.ARM.Collect$$_printf_percent$$00000000)
    _printf_c                                0x00000187   Thumb Code     0  _printf_c.o(.ARM.Collect$$_printf_percent$$00000013)
    _printf_percent_end                      0x0000018d   Thumb Code     0  _printf_percent_end.o(.ARM.Collect$$_printf_percent$$00000017)
    __rt_lib_init                            0x00000191   Thumb Code     0  libinit.o(.ARM.Collect$$libinit$$00000000)
    __rt_lib_init_alloca_1                   0x00000193   Thumb Code     0  libinit2.o(.ARM.Collect$$libinit$$0000002E)
    __rt_lib_init_argv_1                     0x00000193   Thumb Code     0  libinit2.o(.ARM.Collect$$libinit$$0000002C)
    __rt_lib_init_atexit_1                   0x00000193   Thumb Code     0  libinit2.o(.ARM.Collect$$libinit$$0000001B)
    __rt_lib_init_clock_1                    0x00000193   Thumb Code     0  libinit2.o(.ARM.Collect$$libinit$$00000021)
    __rt_lib_init_cpp_1                      0x00000193   Thumb Code     0  libinit2.o(.ARM.Collect$$libinit$$00000032)
    __rt_lib_init_exceptions_1               0x00000193   Thumb Code     0  libinit2.o(.ARM.Collect$$libinit$$00000030)
    __rt_lib_init_fp_1                       0x00000193   Thumb Code     0  libinit2.o(.ARM.Collect$$libinit$$00000002)
    __rt_lib_init_fp_trap_1                  0x00000193   Thumb Code     0  libinit2.o(.ARM.Collect$$libinit$$0000001F)
    __rt_lib_init_getenv_1                   0x00000193   Thumb Code     0  libinit2.o(.ARM.Collect$$libinit$$00000023)
    __rt_lib_init_heap_1                     0x00000193   Thumb Code     0  libinit2.o(.ARM.Collect$$libinit$$0000000A)
    __rt_lib_init_lc_collate_1               0x00000193   Thumb Code     0  libinit2.o(.ARM.Collect$$libinit$$00000011)
    __rt_lib_init_lc_ctype_1                 0x00000193   Thumb Code     0  libinit2.o(.ARM.Collect$$libinit$$00000013)
    __rt_lib_init_lc_monetary_1              0x00000193   Thumb Code     0  libinit2.o(.ARM.Collect$$libinit$$00000015)
    __rt_lib_init_lc_numeric_1               0x00000193   Thumb Code     0  libinit2.o(.ARM.Collect$$libinit$$00000017)
    __rt_lib_init_lc_time_1                  0x00000193   Thumb Code     0  libinit2.o(.ARM.Collect$$libinit$$00000019)
    __rt_lib_init_preinit_1                  0x00000193   Thumb Code     0  libinit2.o(.ARM.Collect$$libinit$$00000004)
    __rt_lib_init_rand_1                     0x00000193   Thumb Code     0  libinit2.o(.ARM.Collect$$libinit$$0000000E)
    __rt_lib_init_return                     0x00000193   Thumb Code     0  libinit2.o(.ARM.Collect$$libinit$$00000033)
    __rt_lib_init_signal_1                   0x00000193   Thumb Code     0  libinit2.o(.ARM.Collect$$libinit$$0000001D)
    __rt_lib_init_stdio_1                    0x00000193   Thumb Code     0  libinit2.o(.ARM.Collect$$libinit$$00000025)
    __rt_lib_init_user_alloc_1               0x00000193   Thumb Code     0  libinit2.o(.ARM.Collect$$libinit$$0000000C)
    __rt_lib_shutdown                        0x00000195   Thumb Code     0  libshutdown.o(.ARM.Collect$$libshutdown$$00000000)
    __rt_lib_shutdown_cpp_1                  0x00000197   Thumb Code     0  libshutdown2.o(.ARM.Collect$$libshutdown$$00000002)
    __rt_lib_shutdown_fp_trap_1              0x00000197   Thumb Code     0  libshutdown2.o(.ARM.Collect$$libshutdown$$00000007)
    __rt_lib_shutdown_heap_1                 0x00000197   Thumb Code     0  libshutdown2.o(.ARM.Collect$$libshutdown$$0000000F)
    __rt_lib_shutdown_return                 0x00000197   Thumb Code     0  libshutdown2.o(.ARM.Collect$$libshutdown$$00000010)
    __rt_lib_shutdown_signal_1               0x00000197   Thumb Code     0  libshutdown2.o(.ARM.Collect$$libshutdown$$0000000A)
    __rt_lib_shutdown_stdio_1                0x00000197   Thumb Code     0  libshutdown2.o(.ARM.Collect$$libshutdown$$00000004)
    __rt_lib_shutdown_user_alloc_1           0x00000197   Thumb Code     0  libshutdown2.o(.ARM.Collect$$libshutdown$$0000000C)
    __rt_entry                               0x00000199   Thumb Code     0  __rtentry.o(.ARM.Collect$$rtentry$$00000000)
    __rt_entry_presh_1                       0x00000199   Thumb Code     0  __rtentry2.o(.ARM.Collect$$rtentry$$00000002)
    __rt_entry_sh                            0x00000199   Thumb Code     0  __rtentry4.o(.ARM.Collect$$rtentry$$00000004)
    __rt_entry_li                            0x0000019f   Thumb Code     0  __rtentry2.o(.ARM.Collect$$rtentry$$0000000A)
    __rt_entry_postsh_1                      0x0000019f   Thumb Code     0  __rtentry2.o(.ARM.Collect$$rtentry$$00000009)
    __rt_entry_main                          0x000001a3   Thumb Code     0  __rtentry2.o(.ARM.Collect$$rtentry$$0000000D)
    __rt_entry_postli_1                      0x000001a3   Thumb Code     0  __rtentry2.o(.ARM.Collect$$rtentry$$0000000C)
    __rt_exit                                0x000001ab   Thumb Code     0  rtexit.o(.ARM.Collect$$rtexit$$00000000)
    __rt_exit_ls                             0x000001ad   Thumb Code     0  rtexit2.o(.ARM.Collect$$rtexit$$00000003)
    __rt_exit_prels_1                        0x000001ad   Thumb Code     0  rtexit2.o(.ARM.Collect$$rtexit$$00000002)
    __rt_exit_exit                           0x000001b1   Thumb Code     0  rtexit2.o(.ARM.Collect$$rtexit$$00000004)
    Reset_Handler                            0x000001b9   Thumb Code     4  startup_lpc17xx.o(.text)
    NMI_Handler                              0x000001bd   Thumb Code     2  startup_lpc17xx.o(.text)
    HardFault_Handler                        0x000001bf   Thumb Code     2  startup_lpc17xx.o(.text)
    MemManage_Handler                        0x000001c1   Thumb Code     2  startup_lpc17xx.o(.text)
    BusFault_Handler                         0x000001c3   Thumb Code     2  startup_lpc17xx.o(.text)
    UsageFault_Handler                       0x000001c5   Thumb Code     2  startup_lpc17xx.o(.text)
    SVC_Handler                              0x000001c7   Thumb Code     2  startup_lpc17xx.o(.text)
    DebugMon_Handler                         0x000001c9   Thumb Code     2  startup_lpc17xx.o(.text)
    PendSV_Handler                           0x000001cb   Thumb Code     2  startup_lpc17xx.o(.text)
    SysTick_Handler                          0x000001cd   Thumb Code     2  startup_lpc17xx.o(.text)
    BOD_IRQHandler                           0x000001cf   Thumb Code     0  startup_lpc17xx.o(.text)
    CANActivity_IRQHandler                   0x000001cf   Thumb Code     0  startup_lpc17xx.o(.text)
    CAN_IRQHandler                           0x000001cf   Thumb Code     0  startup_lpc17xx.o(.text)
    DMA_IRQHandler                           0x000001cf   Thumb Code     0  startup_lpc17xx.o(.text)
    EINT3_IRQHandler                         0x000001cf   Thumb Code     0  startup_lpc17xx.o(.text)
    ENET_IRQHandler                          0x000001cf   Thumb Code     0  startup_lpc17xx.o(.text)
    I2C0_IRQHandler                          0x000001cf   Thumb Code     0  startup_lpc17xx.o(.text)
    I2C1_IRQHandler                          0x000001cf   Thumb Code     0  startup_lpc17xx.o(.text)
    I2C2_IRQHandler                          0x000001cf   Thumb Code     0  startup_lpc17xx.o(.text)
    I2S_IRQHandler                           0x000001cf   Thumb Code     0  startup_lpc17xx.o(.text)
    MCPWM_IRQHandler                         0x000001cf   Thumb Code     0  startup_lpc17xx.o(.text)
    PLL0_IRQHandler                          0x000001cf   Thumb Code     0  startup_lpc17xx.o(.text)
    PLL1_IRQHandler                          0x000001cf   Thumb Code     0  startup_lpc17xx.o(.text)
    PWM1_IRQHandler                          0x000001cf   Thumb Code     0  startup_lpc17xx.o(.text)
    QEI_IRQHandler                           0x000001cf   Thumb Code     0  startup_lpc17xx.o(.text)
    RTC_IRQHandler                           0x000001cf   Thumb Code     0  startup_lpc17xx.o(.text)
    SPI_IRQHandler                           0x000001cf   Thumb Code     0  startup_lpc17xx.o(.text)
    SSP0_IRQHandler                          0x000001cf   Thumb Code     0  startup_lpc17xx.o(.text)
    SSP1_IRQHandler                          0x000001cf   Thumb Code     0  startup_lpc17xx.o(.text)
    UART0_IRQHandler                         0x000001cf   Thumb Code     0  startup_lpc17xx.o(.text)
    UART1_IRQHandler                         0x000001cf   Thumb Code     0  startup_lpc17xx.o(.text)
    UART2_IRQHandler                         0x000001cf   Thumb Code     0  startup_lpc17xx.o(.text)
    UART3_IRQHandler                         0x000001cf   Thumb Code     0  startup_lpc17xx.o(.text)
    USBActivity_IRQHandler                   0x000001cf   Thumb Code     0  startup_lpc17xx.o(.text)
    USB_IRQHandler                           0x000001cf   Thumb Code     0  startup_lpc17xx.o(.text)
    WDT_IRQHandler                           0x000001cf   Thumb Code     0  startup_lpc17xx.o(.text)
    __user_initial_stackheap                 0x000001d1   Thumb Code     0  startup_lpc17xx.o(.text)
    LED_On                                   0x000001ed   Thumb Code    26  funct_led.o(.text)
    LED_Off                                  0x00000207   Thumb Code    26  funct_led.o(.text)
    LED_Out                                  0x00000221   Thumb Code    42  funct_led.o(.text)
    LED_init                                 0x00000259   Thumb Code    36  lib_led.o(.text)
    LED_deinit                               0x0000027d   Thumb Code    14  lib_led.o(.text)
    up_e_attivo                              0x00000299   Thumb Code    16  funct_joystick.o(.text)
    down_e_attivo                            0x000002a9   Thumb Code    16  funct_joystick.o(.text)
    select_e_attivo                          0x000002b9   Thumb Code    16  funct_joystick.o(.text)
    joystick_init                            0x000002cd   Thumb Code    26  lib_joystick.o(.text)
    __use_two_region_memory                  0x000002f1   Thumb Code     2  heapauxi.o(.text)
    __rt_heap_escrow$2region                 0x000002f3   Thumb Code     2  heapauxi.o(.text)
    __rt_heap_expand$2region                 0x000002f5   Thumb Code     2  heapauxi.o(.text)
    __I$use$semihosting                      0x000002f7   Thumb Code     0  use_no_semi.o(.text)
    __use_no_semihosting_swi                 0x000002f7   Thumb Code     2  use_no_semi.o(.text)
    __I$use$fp                               0x000002f8   Number         0  usenofp.o(x$fpl$usenofp)
    __semihosting_library_function           0x000002f9   Thumb Code     0  indicate_semi.o(.text)
    Riempi_Struttura_Nota                    0x00000301   Thumb Code   218  sample.o(.text)
    SystemSetup                              0x000003db   Thumb Code   106  sample.o(.text)
    main                                     0x00000445   Thumb Code    10  sample.o(.text)
    SystemInit                               0x00000465   Thumb Code   526  system_lpc17xx.o(.text)
    BUTTON_init                              0x000006b1   Thumb Code   124  lib_button.o(.text)
    EINT0_IRQHandler                         0x00000759   Thumb Code    42  irq_button.o(.text)
    EINT1_IRQHandler                         0x00000783   Thumb Code    42  irq_button.o(.text)
    EINT2_IRQHandler                         0x000007ad   Thumb Code    42  irq_button.o(.text)
    TIMER0_IRQHandler                        0x00000805   Thumb Code   122  irq_timer.o(.text)
    TIMER1_IRQHandler                        0x0000087f   Thumb Code   160  irq_timer.o(.text)
    TIMER2_IRQHandler                        0x0000091f   Thumb Code   170  irq_timer.o(.text)
    TIMER3_IRQHandler                        0x000009c9   Thumb Code   496  irq_timer.o(.text)
    enable_timer                             0x00000c31   Thumb Code    48  lib_timer.o(.text)
    disable_timer                            0x00000c61   Thumb Code    48  lib_timer.o(.text)
    reset_timer                              0x00000c91   Thumb Code    66  lib_timer.o(.text)
    init_timer                               0x00000cd3   Thumb Code   108  lib_timer.o(.text)
    alimenta_timer                           0x00000d3f   Thumb Code    24  lib_timer.o(.text)
    DisattivaSpeaker                         0x00000d7d   Thumb Code    22  irq_rit.o(.text)
    Esci_da_EmergencyMode                    0x00000d93   Thumb Code    44  irq_rit.o(.text)
    AttivaSpeaker                            0x00000dbf   Thumb Code    32  irq_rit.o(.text)
    Entra_in_EmergencyMode                   0x00000ddf   Thumb Code    64  irq_rit.o(.text)
    GestionePrenotato_NoSelect               0x00000e1f   Thumb Code    24  irq_rit.o(.text)
    Spostamento                              0x00000e37   Thumb Code   110  irq_rit.o(.text)
    Arrivato_a_Destinazione                  0x00000ea5   Thumb Code    82  irq_rit.o(.text)
    Controllo_e_setto_TimerAllarme           0x00000ef7   Thumb Code    30  irq_rit.o(.text)
    Reset_Timer3                             0x00000f15   Thumb Code    30  irq_rit.o(.text)
    RIT_IRQHandler                           0x00000f33   Thumb Code   974  irq_rit.o(.text)
    Controllo_e_setto_LedsAllarme            0x00001301   Thumb Code    30  irq_rit.o(.text)
    enable_RIT                               0x0000137d   Thumb Code    14  lib_rit.o(.text)
    disable_RIT                              0x0000138b   Thumb Code    14  lib_rit.o(.text)
    reset_RIT                                0x00001399   Thumb Code     8  lib_rit.o(.text)
    init_RIT                                 0x000013a1   Thumb Code    82  lib_rit.o(.text)
    DAC_init                                 0x00001401   Thumb Code    36  lib_dac.o(.text)
    DAC_convert                              0x00001425   Thumb Code     6  lib_dac.o(.text)
    ADC_IRQHandler                           0x00001439   Thumb Code    80  irq_adc.o(.text)
    ADC_init                                 0x000014a1   Thumb Code    60  lib_adc.o(.text)
    ADC_start_conversion                     0x000014dd   Thumb Code    14  lib_adc.o(.text)
    GetASCIICode                             0x000014fd   Thumb Code    26  asciilib.o(.text)
    LCD_Initialization                       0x00001aa7   Thumb Code 12014  glcd.o(.text)
    LCD_Clear                                0x00004995   Thumb Code  1520  glcd.o(.text)
    LCD_GetPoint                             0x00004f9f   Thumb Code   994  glcd.o(.text)
    LCD_SetPoint                             0x00005381   Thumb Code   206  glcd.o(.text)
    LCD_DrawLine                             0x0000544f   Thumb Code   250  glcd.o(.text)
    PutChar                                  0x00005549   Thumb Code   100  glcd.o(.text)
    GUI_Text                                 0x000055ad   Thumb Code    80  glcd.o(.text)
    LPC17xx_SPI_SetSpeed                     0x00005601   Thumb Code    16  touchpanel.o(.text)
    TP_Init                                  0x00005691   Thumb Code    30  touchpanel.o(.text)
    Read_X                                   0x0000572f   Thumb Code    42  touchpanel.o(.text)
    Read_Y                                   0x00005759   Thumb Code    42  touchpanel.o(.text)
    TP_GetAdXY                               0x00005783   Thumb Code    34  touchpanel.o(.text)
    TP_DrawPoint                             0x000057a5   Thumb Code    20  touchpanel.o(.text)
    DrawCross                                0x000057b9   Thumb Code   356  touchpanel.o(.text)
    Read_Ads7846                             0x0000591d   Thumb Code   524  touchpanel.o(.text)
    setCalibrationMatrix                     0x00005b29   Thumb Code   356  touchpanel.o(.text)
    getDisplayPoint                          0x00005c8d   Thumb Code   238  touchpanel.o(.text)
    TouchPanel_Calibrate                     0x00005d7b   Thumb Code   108  touchpanel.o(.text)
    Disegna_StandByMode                      0x00005de7   Thumb Code   128  touchpanel.o(.text)
    Disegna_GUI_configuratore                0x00005e67   Thumb Code   222  touchpanel.o(.text)
    Aggiorna_GUI_pressioneBottone            0x00005f45   Thumb Code   370  touchpanel.o(.text)
    Aggiorna_GUI_selezioneTono               0x000060b7   Thumb Code   466  touchpanel.o(.text)
    __2sprintf                               0x00006289   Thumb Code    34  noretval__2sprintf.o(.text)
    __printf                                 0x000062b1   Thumb Code   104  __printf.o(.text)
    _printf_str                              0x00006319   Thumb Code    82  _printf_str.o(.text)
    _printf_int_dec                          0x0000636d   Thumb Code   104  _printf_dec.o(.text)
    __aeabi_memcpy                           0x000063e5   Thumb Code     0  rt_memcpy_v6.o(.text)
    __rt_memcpy                              0x000063e5   Thumb Code   138  rt_memcpy_v6.o(.text)
    _memcpy_lastbytes                        0x0000644b   Thumb Code     0  rt_memcpy_v6.o(.text)
    __aeabi_memclr4                          0x0000646f   Thumb Code     0  rt_memclr_w.o(.text)
    __aeabi_memclr8                          0x0000646f   Thumb Code     0  rt_memclr_w.o(.text)
    __rt_memclr_w                            0x0000646f   Thumb Code    78  rt_memclr_w.o(.text)
    _memset_w                                0x00006473   Thumb Code     0  rt_memclr_w.o(.text)
    _printf_int_common                       0x000064bd   Thumb Code   178  _printf_intcommon.o(.text)
    _printf_char_common                      0x0000657b   Thumb Code    32  _printf_char_common.o(.text)
    _sputc                                   0x000065a1   Thumb Code    10  _sputc.o(.text)
    _printf_cs_common                        0x000065ab   Thumb Code    20  _printf_char.o(.text)
    _printf_char                             0x000065bf   Thumb Code    16  _printf_char.o(.text)
    _printf_string                           0x000065cf   Thumb Code     8  _printf_char.o(.text)
    __aeabi_memcpy4                          0x000065d7   Thumb Code     0  rt_memcpy_w.o(.text)
    __aeabi_memcpy8                          0x000065d7   Thumb Code     0  rt_memcpy_w.o(.text)
    __rt_memcpy_w                            0x000065d7   Thumb Code   100  rt_memcpy_w.o(.text)
    _memcpy_lastbytes_aligned                0x0000661f   Thumb Code     0  rt_memcpy_w.o(.text)
    __user_setup_stackheap                   0x0000663b   Thumb Code    74  sys_stackheap_outer.o(.text)
    exit                                     0x00006685   Thumb Code    18  exit.o(.text)
    __user_libspace                          0x00006699   Thumb Code     8  libspace.o(.text)
    __user_perproc_libspace                  0x00006699   Thumb Code     0  libspace.o(.text)
    __user_perthread_libspace                0x00006699   Thumb Code     0  libspace.o(.text)
    _sys_exit                                0x000066a1   Thumb Code     8  sys_exit.o(.text)
    __aeabi_dadd                             0x000066ad   Thumb Code     0  daddsub_clz.o(x$fpl$dadd)
    _dadd                                    0x000066ad   Thumb Code   332  daddsub_clz.o(x$fpl$dadd)
    __fpl_dcmp_Inf                           0x000067fd   Thumb Code    24  dcmpi.o(x$fpl$dcmpinf)
    __aeabi_ddiv                             0x00006815   Thumb Code     0  ddiv.o(x$fpl$ddiv)
    _ddiv                                    0x00006815   Thumb Code   552  ddiv.o(x$fpl$ddiv)
    __aeabi_cdcmpeq                          0x00006ac5   Thumb Code     0  deqf.o(x$fpl$deqf)
    _dcmpeq                                  0x00006ac5   Thumb Code   120  deqf.o(x$fpl$deqf)
    __aeabi_d2uiz                            0x00006b3d   Thumb Code     0  dfixu.o(x$fpl$dfixu)
    _dfixu                                   0x00006b3d   Thumb Code    90  dfixu.o(x$fpl$dfixu)
    __aeabi_i2d                              0x00006b97   Thumb Code     0  dflt_clz.o(x$fpl$dflt)
    _dflt                                    0x00006b97   Thumb Code    46  dflt_clz.o(x$fpl$dflt)
    __aeabi_ui2d                             0x00006bc5   Thumb Code     0  dflt_clz.o(x$fpl$dfltu)
    _dfltu                                   0x00006bc5   Thumb Code    38  dflt_clz.o(x$fpl$dfltu)
    __aeabi_dmul                             0x00006bed   Thumb Code     0  dmul.o(x$fpl$dmul)
    _dmul                                    0x00006bed   Thumb Code   332  dmul.o(x$fpl$dmul)
    __fpl_dnaninf                            0x00006d41   Thumb Code   156  dnaninf.o(x$fpl$dnaninf)
    __fpl_dretinf                            0x00006ddd   Thumb Code    12  dretinf.o(x$fpl$dretinf)
    __aeabi_dsub                             0x00006de9   Thumb Code     0  daddsub_clz.o(x$fpl$dsub)
    _dsub                                    0x00006de9   Thumb Code   464  daddsub_clz.o(x$fpl$dsub)
    led_mask                                 0x00006fbc   Data          32  funct_led.o(.constdata)
    Region$$Table$$Base                      0x000075cc   Number         0  anon$$obj.o(Region$$Table)
    Region$$Table$$Limit                     0x000075ec   Number         0  anon$$obj.o(Region$$Table)
    SystemFrequency                          0x10000000   Data           4  system_lpc17xx.o(.data)
    led_value                                0x10000004   Data           1  lib_led.o(.data)
    SinTableMax                              0x10000008   Data          90  irq_timer.o(.data)
    lampeggi                                 0x10000068   Data           4  irq_timer.o(.data)
    tonoscelto                               0x10000070   Data           8  irq_timer.o(.data)
    n_bottone                                0x10000078   Data           4  irq_timer.o(.data)
    down1                                    0x10000088   Data           4  irq_rit.o(.data)
    down2                                    0x1000008c   Data           4  irq_rit.o(.data)
    down0                                    0x10000090   Data           4  irq_rit.o(.data)
    posizione                                0x100000a0   Data           4  irq_rit.o(.data)
    alarmtimer                               0x100000ac   Data           4  irq_rit.o(.data)
    alarmleds                                0x100000b0   Data           4  irq_rit.o(.data)
    piano                                    0x100000b4   Data           4  irq_rit.o(.data)
    oneminute                                0x100000b8   Data           4  irq_rit.o(.data)
    verso                                    0x100000bc   Data           1  irq_rit.o(.data)
    settaReservedLeds                        0x100000c0   Data           4  irq_rit.o(.data)
    reservedleds                             0x100000c4   Data           4  irq_rit.o(.data)
    emergency_mode                           0x100000c8   Data           4  irq_rit.o(.data)
    lampeggio_per_3_secondi                  0x100000cc   Data           4  irq_rit.o(.data)
    speaker                                  0x100000d0   Data           4  irq_rit.o(.data)
    tono1                                    0x100000d4   Data           8  irq_rit.o(.data)
    tono2                                    0x100000dc   Data           8  irq_rit.o(.data)
    maintenance_mode                         0x100000e8   Data           4  irq_rit.o(.data)
    AD_current                               0x100000f0   Data           2  irq_adc.o(.data)
    AD_last                                  0x100000f2   Data           2  irq_adc.o(.data)
    display                                  0x100009f8   Data           4  touchpanel.o(.data)
    DisplaySample                            0x100009fc   Data          12  touchpanel.o(.data)
    struttura_nota                           0x10000a0c   Data         104  irq_rit.o(.bss)
    matrix                                   0x10000a78   Data          56  touchpanel.o(.bss)
    ScreenSample                             0x10000ab0   Data          12  touchpanel.o(.bss)
    __libspace_start                         0x10000abc   Data          96  libspace.o(.bss)
    __temporary_stack_top$libspace           0x10000b1c   Data           0  libspace.o(.bss)



==============================================================================

Memory Map of the image

  Image Entry point : 0x000000cd

  Load Region LR_IROM1 (Base: 0x00000000, Size: 0x00007ff8, Max: 0x00080000, ABSOLUTE, COMPRESSED[0x000076f8])

    Execution Region ER_IROM1 (Exec base: 0x00000000, Load base: 0x00000000, Size: 0x000075ec, Max: 0x00080000, ABSOLUTE)

    Exec Addr    Load Addr    Size         Type   Attr      Idx    E Section Name        Object

    0x00000000   0x00000000   0x000000cc   Data   RO            3    RESET               startup_lpc17xx.o
    0x000000cc   0x000000cc   0x00000008   Code   RO          644  * !!!main             c_w.l(__main.o)
    0x000000d4   0x000000d4   0x00000034   Code   RO          847    !!!scatter          c_w.l(__scatter.o)
    0x00000108   0x00000108   0x0000005a   Code   RO          845    !!dczerorl2         c_w.l(__dczerorl2.o)
    0x00000162   0x00000162   0x00000002   PAD
    0x00000164   0x00000164   0x0000001c   Code   RO          849    !!handler_zi        c_w.l(__scatter_zi.o)
    0x00000180   0x00000180   0x00000000   Code   RO          637    .ARM.Collect$$_printf_percent$$00000000  c_w.l(_printf_percent.o)
    0x00000180   0x00000180   0x00000006   Code   RO          636    .ARM.Collect$$_printf_percent$$00000009  c_w.l(_printf_d.o)
    0x00000186   0x00000186   0x00000006   Code   RO          635    .ARM.Collect$$_printf_percent$$00000013  c_w.l(_printf_c.o)
    0x0000018c   0x0000018c   0x00000004   Code   RO          679    .ARM.Collect$$_printf_percent$$00000017  c_w.l(_printf_percent_end.o)
    0x00000190   0x00000190   0x00000002   Code   RO          715    .ARM.Collect$$libinit$$00000000  c_w.l(libinit.o)
    0x00000192   0x00000192   0x00000000   Code   RO          722    .ARM.Collect$$libinit$$00000002  c_w.l(libinit2.o)
    0x00000192   0x00000192   0x00000000   Code   RO          724    .ARM.Collect$$libinit$$00000004  c_w.l(libinit2.o)
    0x00000192   0x00000192   0x00000000   Code   RO          727    .ARM.Collect$$libinit$$0000000A  c_w.l(libinit2.o)
    0x00000192   0x00000192   0x00000000   Code   RO          729    .ARM.Collect$$libinit$$0000000C  c_w.l(libinit2.o)
    0x00000192   0x00000192   0x00000000   Code   RO          731    .ARM.Collect$$libinit$$0000000E  c_w.l(libinit2.o)
    0x00000192   0x00000192   0x00000000   Code   RO          734    .ARM.Collect$$libinit$$00000011  c_w.l(libinit2.o)
    0x00000192   0x00000192   0x00000000   Code   RO          736    .ARM.Collect$$libinit$$00000013  c_w.l(libinit2.o)
    0x00000192   0x00000192   0x00000000   Code   RO          738    .ARM.Collect$$libinit$$00000015  c_w.l(libinit2.o)
    0x00000192   0x00000192   0x00000000   Code   RO          740    .ARM.Collect$$libinit$$00000017  c_w.l(libinit2.o)
    0x00000192   0x00000192   0x00000000   Code   RO          742    .ARM.Collect$$libinit$$00000019  c_w.l(libinit2.o)
    0x00000192   0x00000192   0x00000000   Code   RO          744    .ARM.Collect$$libinit$$0000001B  c_w.l(libinit2.o)
    0x00000192   0x00000192   0x00000000   Code   RO          746    .ARM.Collect$$libinit$$0000001D  c_w.l(libinit2.o)
    0x00000192   0x00000192   0x00000000   Code   RO          748    .ARM.Collect$$libinit$$0000001F  c_w.l(libinit2.o)
    0x00000192   0x00000192   0x00000000   Code   RO          750    .ARM.Collect$$libinit$$00000021  c_w.l(libinit2.o)
    0x00000192   0x00000192   0x00000000   Code   RO          752    .ARM.Collect$$libinit$$00000023  c_w.l(libinit2.o)
    0x00000192   0x00000192   0x00000000   Code   RO          754    .ARM.Collect$$libinit$$00000025  c_w.l(libinit2.o)
    0x00000192   0x00000192   0x00000000   Code   RO          758    .ARM.Collect$$libinit$$0000002C  c_w.l(libinit2.o)
    0x00000192   0x00000192   0x00000000   Code   RO          760    .ARM.Collect$$libinit$$0000002E  c_w.l(libinit2.o)
    0x00000192   0x00000192   0x00000000   Code   RO          762    .ARM.Collect$$libinit$$00000030  c_w.l(libinit2.o)
    0x00000192   0x00000192   0x00000000   Code   RO          764    .ARM.Collect$$libinit$$00000032  c_w.l(libinit2.o)
    0x00000192   0x00000192   0x00000002   Code   RO          765    .ARM.Collect$$libinit$$00000033  c_w.l(libinit2.o)
    0x00000194   0x00000194   0x00000002   Code   RO          785    .ARM.Collect$$libshutdown$$00000000  c_w.l(libshutdown.o)
    0x00000196   0x00000196   0x00000000   Code   RO          798    .ARM.Collect$$libshutdown$$00000002  c_w.l(libshutdown2.o)
    0x00000196   0x00000196   0x00000000   Code   RO          800    .ARM.Collect$$libshutdown$$00000004  c_w.l(libshutdown2.o)
    0x00000196   0x00000196   0x00000000   Code   RO          803    .ARM.Collect$$libshutdown$$00000007  c_w.l(libshutdown2.o)
    0x00000196   0x00000196   0x00000000   Code   RO          806    .ARM.Collect$$libshutdown$$0000000A  c_w.l(libshutdown2.o)
    0x00000196   0x00000196   0x00000000   Code   RO          808    .ARM.Collect$$libshutdown$$0000000C  c_w.l(libshutdown2.o)
    0x00000196   0x00000196   0x00000000   Code   RO          811    .ARM.Collect$$libshutdown$$0000000F  c_w.l(libshutdown2.o)
    0x00000196   0x00000196   0x00000002   Code   RO          812    .ARM.Collect$$libshutdown$$00000010  c_w.l(libshutdown2.o)
    0x00000198   0x00000198   0x00000000   Code   RO          670    .ARM.Collect$$rtentry$$00000000  c_w.l(__rtentry.o)
    0x00000198   0x00000198   0x00000000   Code   RO          690    .ARM.Collect$$rtentry$$00000002  c_w.l(__rtentry2.o)
    0x00000198   0x00000198   0x00000006   Code   RO          702    .ARM.Collect$$rtentry$$00000004  c_w.l(__rtentry4.o)
    0x0000019e   0x0000019e   0x00000000   Code   RO          692    .ARM.Collect$$rtentry$$00000009  c_w.l(__rtentry2.o)
    0x0000019e   0x0000019e   0x00000004   Code   RO          693    .ARM.Collect$$rtentry$$0000000A  c_w.l(__rtentry2.o)
    0x000001a2   0x000001a2   0x00000000   Code   RO          695    .ARM.Collect$$rtentry$$0000000C  c_w.l(__rtentry2.o)
    0x000001a2   0x000001a2   0x00000008   Code   RO          696    .ARM.Collect$$rtentry$$0000000D  c_w.l(__rtentry2.o)
    0x000001aa   0x000001aa   0x00000002   Code   RO          719    .ARM.Collect$$rtexit$$00000000  c_w.l(rtexit.o)
    0x000001ac   0x000001ac   0x00000000   Code   RO          767    .ARM.Collect$$rtexit$$00000002  c_w.l(rtexit2.o)
    0x000001ac   0x000001ac   0x00000004   Code   RO          768    .ARM.Collect$$rtexit$$00000003  c_w.l(rtexit2.o)
    0x000001b0   0x000001b0   0x00000006   Code   RO          769    .ARM.Collect$$rtexit$$00000004  c_w.l(rtexit2.o)
    0x000001b6   0x000001b6   0x00000002   PAD
    0x000001b8   0x000001b8   0x00000034   Code   RO            5    .text               startup_lpc17xx.o
    0x000001ec   0x000001ec   0x0000006c   Code   RO          135    .text               funct_led.o
    0x00000258   0x00000258   0x00000040   Code   RO          169    .text               lib_led.o
    0x00000298   0x00000298   0x00000034   Code   RO          399    .text               funct_joystick.o
    0x000002cc   0x000002cc   0x00000024   Code   RO          422    .text               lib_joystick.o
    0x000002f0   0x000002f0   0x00000006   Code   RO          642    .text               c_w.l(heapauxi.o)
    0x000002f6   0x000002f6   0x00000002   Code   RO          788    .text               c_w.l(use_no_semi.o)
    0x000002f8   0x000002f8   0x00000000   Code   RO          790    .text               c_w.l(indicate_semi.o)
    0x000002f8   0x000002f8   0x00000000   Code   RO          688    x$fpl$usenofp       fz_ws.l(usenofp.o)
    0x000002f8   0x000002f8   0x00000004   PAD
    0x000002fc   0x000002fc   0x00000004   Code   RO            4    .ARM.__at_0x02FC    startup_lpc17xx.o
    0x00000300   0x00000300   0x00000164   Code   RO           15    .text               sample.o
    0x00000464   0x00000464   0x0000022c   Code   RO          105    .text               system_lpc17xx.o
    0x00000690   0x00000690   0x000000c8   Code   RO          192    .text               lib_button.o
    0x00000758   0x00000758   0x000000ac   Code   RO          219    .text               irq_button.o
    0x00000804   0x00000804   0x0000042c   Code   RO          256    .text               irq_timer.o
    0x00000c30   0x00000c30   0x0000014c   Code   RO          308    .text               lib_timer.o
    0x00000d7c   0x00000d7c   0x00000600   Code   RO          332    .text               irq_rit.o
    0x0000137c   0x0000137c   0x00000084   Code   RO          379    .text               lib_rit.o
    0x00001400   0x00001400   0x00000038   Code   RO          442    .text               lib_dac.o
    0x00001438   0x00001438   0x00000068   Code   RO          465    .text               irq_adc.o
    0x000014a0   0x000014a0   0x0000005c   Code   RO          505    .text               lib_adc.o
    0x000014fc   0x000014fc   0x00000020   Code   RO          523    .text               asciilib.o
    0x0000151c   0x0000151c   0x000040e4   Code   RO          542    .text               glcd.o
    0x00005600   0x00005600   0x00000c88   Code   RO          567    .text               touchpanel.o
    0x00006288   0x00006288   0x00000028   Code   RO          607    .text               c_w.l(noretval__2sprintf.o)
    0x000062b0   0x000062b0   0x00000068   Code   RO          609    .text               c_w.l(__printf.o)
    0x00006318   0x00006318   0x00000052   Code   RO          611    .text               c_w.l(_printf_str.o)
    0x0000636a   0x0000636a   0x00000002   PAD
    0x0000636c   0x0000636c   0x00000078   Code   RO          613    .text               c_w.l(_printf_dec.o)
    0x000063e4   0x000063e4   0x0000008a   Code   RO          638    .text               c_w.l(rt_memcpy_v6.o)
    0x0000646e   0x0000646e   0x0000004e   Code   RO          640    .text               c_w.l(rt_memclr_w.o)
    0x000064bc   0x000064bc   0x000000b2   Code   RO          671    .text               c_w.l(_printf_intcommon.o)
    0x0000656e   0x0000656e   0x00000002   PAD
    0x00006570   0x00006570   0x00000030   Code   RO          673    .text               c_w.l(_printf_char_common.o)
    0x000065a0   0x000065a0   0x0000000a   Code   RO          675    .text               c_w.l(_sputc.o)
    0x000065aa   0x000065aa   0x0000002c   Code   RO          677    .text               c_w.l(_printf_char.o)
    0x000065d6   0x000065d6   0x00000064   Code   RO          680    .text               c_w.l(rt_memcpy_w.o)
    0x0000663a   0x0000663a   0x0000004a   Code   RO          706    .text               c_w.l(sys_stackheap_outer.o)
    0x00006684   0x00006684   0x00000012   Code   RO          708    .text               c_w.l(exit.o)
    0x00006696   0x00006696   0x00000002   PAD
    0x00006698   0x00006698   0x00000008   Code   RO          716    .text               c_w.l(libspace.o)
    0x000066a0   0x000066a0   0x0000000c   Code   RO          777    .text               c_w.l(sys_exit.o)
    0x000066ac   0x000066ac   0x00000150   Code   RO          646    x$fpl$dadd          fz_ws.l(daddsub_clz.o)
    0x000067fc   0x000067fc   0x00000018   Code   RO          682    x$fpl$dcmpinf       fz_ws.l(dcmpi.o)
    0x00006814   0x00006814   0x000002b0   Code   RO          653    x$fpl$ddiv          fz_ws.l(ddiv.o)
    0x00006ac4   0x00006ac4   0x00000078   Code   RO          656    x$fpl$deqf          fz_ws.l(deqf.o)
    0x00006b3c   0x00006b3c   0x0000005a   Code   RO          658    x$fpl$dfixu         fz_ws.l(dfixu.o)
    0x00006b96   0x00006b96   0x0000002e   Code   RO          663    x$fpl$dflt          fz_ws.l(dflt_clz.o)
    0x00006bc4   0x00006bc4   0x00000026   Code   RO          662    x$fpl$dfltu         fz_ws.l(dflt_clz.o)
    0x00006bea   0x00006bea   0x00000002   PAD
    0x00006bec   0x00006bec   0x00000154   Code   RO          668    x$fpl$dmul          fz_ws.l(dmul.o)
    0x00006d40   0x00006d40   0x0000009c   Code   RO          684    x$fpl$dnaninf       fz_ws.l(dnaninf.o)
    0x00006ddc   0x00006ddc   0x0000000c   Code   RO          686    x$fpl$dretinf       fz_ws.l(dretinf.o)
    0x00006de8   0x00006de8   0x000001d4   Code   RO          648    x$fpl$dsub          fz_ws.l(daddsub_clz.o)
    0x00006fbc   0x00006fbc   0x00000020   Data   RO          136    .constdata          funct_led.o
    0x00006fdc   0x00006fdc   0x000005f0   Data   RO          524    .constdata          asciilib.o
    0x000075cc   0x000075cc   0x00000020   Data   RO          843    Region$$Table       anon$$obj.o


    Execution Region RW_IRAM1 (Exec base: 0x10000000, Load base: 0x000075ec, Size: 0x00000d20, Max: 0x00008000, ABSOLUTE, COMPRESSED[0x0000010c])

    Exec Addr    Load Addr    Size         Type   Attr      Idx    E Section Name        Object

    0x10000000   COMPRESSED   0x00000004   Data   RW          106    .data               system_lpc17xx.o
    0x10000004   COMPRESSED   0x00000001   Data   RW          170    .data               lib_led.o
    0x10000005   COMPRESSED   0x00000003   PAD
    0x10000008   COMPRESSED   0x00000080   Data   RW          257    .data               irq_timer.o
    0x10000088   COMPRESSED   0x00000068   Data   RW          334    .data               irq_rit.o
    0x100000f0   COMPRESSED   0x00000004   Data   RW          466    .data               irq_adc.o
    0x100000f4   COMPRESSED   0x00000001   Data   RW          543    .data               glcd.o
    0x100000f5   COMPRESSED   0x00000003   PAD
    0x100000f8   COMPRESSED   0x00000914   Data   RW          569    .data               touchpanel.o
    0x10000a0c        -       0x00000068   Zero   RW          333    .bss                irq_rit.o
    0x10000a74   COMPRESSED   0x00000004   PAD
    0x10000a78        -       0x00000044   Zero   RW          568    .bss                touchpanel.o
    0x10000abc        -       0x00000060   Zero   RW          717    .bss                c_w.l(libspace.o)
    0x10000b1c   COMPRESSED   0x00000004   PAD
    0x10000b20        -       0x00000000   Zero   RW            2    HEAP                startup_lpc17xx.o
    0x10000b20        -       0x00000200   Zero   RW            1    STACK               startup_lpc17xx.o


==============================================================================

Image component sizes


      Code (inc. data)   RO Data    RW Data    ZI Data      Debug   Object Name

        32          6       1520          0          0       1163   asciilib.o
        52          4          0          0          0        796   funct_joystick.o
       108         14         32          0          0      18276   funct_led.o
     16612        104          0          1          0      40227   glcd.o
       104         24          0          4          0        806   irq_adc.o
       172         28          0          0          0      24624   irq_button.o
      1536        180          0        104        104       5171   irq_rit.o
      1068        120          0        128          0       3497   irq_timer.o
        92         18          0          0          0        720   lib_adc.o
       200         22          0          0          0      24525   lib_button.o
        56         14          0          0          0        579   lib_dac.o
        36         10          0          0          0        476   lib_joystick.o
        64         14          0          1          0        822   lib_led.o
       132         14          0          0          0        984   lib_rit.o
       332         16          0          0          0      25366   lib_timer.o
       356         22          0          0          0       5433   sample.o
        56         22        204          0        512       1100   startup_lpc17xx.o
       556         30          0          4          0        907   system_lpc17xx.o
      3208        162          0       2324         68       8119   touchpanel.o

    ----------------------------------------------------------------------
     24772        824       1788       2572        688     163591   Object Totals
         0          0         32          0          0          0   (incl. Generated)
         0          0          0          6          4          0   (incl. Padding)

    ----------------------------------------------------------------------

      Code (inc. data)   RO Data    RW Data    ZI Data      Debug   Library Member Name

        90          0          0          0          0          0   __dczerorl2.o
         8          0          0          0          0         68   __main.o
       104          0          0          0          0         84   __printf.o
         0          0          0          0          0          0   __rtentry.o
        12          0          0          0          0          0   __rtentry2.o
         6          0          0          0          0          0   __rtentry4.o
        52          8          0          0          0          0   __scatter.o
        28          0          0          0          0          0   __scatter_zi.o
         6          0          0          0          0          0   _printf_c.o
        44          0          0          0          0        108   _printf_char.o
        48          6          0          0          0         96   _printf_char_common.o
         6          0          0          0          0          0   _printf_d.o
       120         16          0          0          0         92   _printf_dec.o
       178          0          0          0          0         88   _printf_intcommon.o
         0          0          0          0          0          0   _printf_percent.o
         4          0          0          0          0          0   _printf_percent_end.o
        82          0          0          0          0         80   _printf_str.o
        10          0          0          0          0         68   _sputc.o
        18          0          0          0          0         80   exit.o
         6          0          0          0          0        152   heapauxi.o
         0          0          0          0          0          0   indicate_semi.o
         2          0          0          0          0          0   libinit.o
         2          0          0          0          0          0   libinit2.o
         2          0          0          0          0          0   libshutdown.o
         2          0          0          0          0          0   libshutdown2.o
         8          4          0          0         96         68   libspace.o
        40          6          0          0          0         84   noretval__2sprintf.o
        78          0          0          0          0         80   rt_memclr_w.o
       138          0          0          0          0         68   rt_memcpy_v6.o
       100          0          0          0          0         80   rt_memcpy_w.o
         2          0          0          0          0          0   rtexit.o
        10          0          0          0          0          0   rtexit2.o
        12          4          0          0          0         68   sys_exit.o
        74          0          0          0          0         80   sys_stackheap_outer.o
         2          0          0          0          0         68   use_no_semi.o
       804         16          0          0          0        272   daddsub_clz.o
        24          0          0          0          0         68   dcmpi.o
       688        140          0          0          0        208   ddiv.o
       120          4          0          0          0         92   deqf.o
        90          4          0          0          0         92   dfixu.o
        84          0          0          0          0        136   dflt_clz.o
       340         12          0          0          0        104   dmul.o
       156          4          0          0          0         92   dnaninf.o
        12          0          0          0          0         68   dretinf.o
         0          0          0          0          0          0   usenofp.o

    ----------------------------------------------------------------------
      3628        224          0          0        100       2644   Library Totals
        16          0          0          0          4          0   (incl. Padding)

    ----------------------------------------------------------------------

      Code (inc. data)   RO Data    RW Data    ZI Data      Debug   Library Name

      1294         44          0          0         96       1512   c_w.l
      2318        180          0          0          0       1132   fz_ws.l

    ----------------------------------------------------------------------
      3628        224          0          0        100       2644   Library Totals

    ----------------------------------------------------------------------

==============================================================================


      Code (inc. data)   RO Data    RW Data    ZI Data      Debug   

     28400       1048       1788       2572        788     163839   Grand Totals
     28400       1048       1788        268        788     163839   ELF Image Totals (compressed)
     28400       1048       1788        268          0          0   ROM Totals

==============================================================================

    Total RO  Size (Code + RO Data)                30188 (  29.48kB)
    Total RW  Size (RW Data + ZI Data)              3360 (   3.28kB)
    Total ROM Size (Code + RO Data + RW Data)      30456 (  29.74kB)

==============================================================================

